../Core/Src/main.c:80:5:main	8	static
../Core/Src/main.c:138:6:SystemClock_Config	88	static
../Core/Src/main.c:184:13:MX_ADC1_Init	24	static
../Core/Src/main.c:236:13:MX_DAC_Init	16	static
../Core/Src/main.c:276:13:MX_I2C1_Init	8	static
../Core/Src/main.c:324:13:MX_TIM2_Init	32	static
../Core/Src/main.c:369:13:MX_USART3_UART_Init	8	static
../Core/Src/main.c:402:13:MX_USB_OTG_FS_PCD_Init	8	static
../Core/Src/main.c:435:13:MX_DMA_Init	16	static
../Core/Src/main.c:457:13:MX_GPIO_Init	56	static
../Core/Src/main.c:554:6:Error_Handler	4	static,ignoring_inline_asm
