Archive member included to satisfy reference by file (symbol)

C:/ST/STM32CubeIDE_1.14.0/STM32CubeIDE/plugins/com.st.stm32cube.ide.mcu.externaltools.gnu-tools-for-stm32.11.3.rel1.win32_1.1.100.202309141235/tools/bin/../lib/gcc/arm-none-eabi/11.3.1/../../../../arm-none-eabi/lib/thumb/v7e-m+fp/hard\libc_nano.a(libc_a-exit.o)
                              C:/ST/STM32CubeIDE_1.14.0/STM32CubeIDE/plugins/com.st.stm32cube.ide.mcu.externaltools.gnu-tools-for-stm32.11.3.rel1.win32_1.1.100.202309141235/tools/bin/../lib/gcc/arm-none-eabi/11.3.1/../../../../arm-none-eabi/lib/thumb/v7e-m+fp/hard/crt0.o (exit)
C:/ST/STM32CubeIDE_1.14.0/STM32CubeIDE/plugins/com.st.stm32cube.ide.mcu.externaltools.gnu-tools-for-stm32.11.3.rel1.win32_1.1.100.202309141235/tools/bin/../lib/gcc/arm-none-eabi/11.3.1/../../../../arm-none-eabi/lib/thumb/v7e-m+fp/hard\libc_nano.a(libc_a-findfp.o)
                              C:/ST/STM32CubeIDE_1.14.0/STM32CubeIDE/plugins/com.st.stm32cube.ide.mcu.externaltools.gnu-tools-for-stm32.11.3.rel1.win32_1.1.100.202309141235/tools/bin/../lib/gcc/arm-none-eabi/11.3.1/../../../../arm-none-eabi/lib/thumb/v7e-m+fp/hard\libc_nano.a(libc_a-exit.o) (__stdio_exit_handler)
C:/ST/STM32CubeIDE_1.14.0/STM32CubeIDE/plugins/com.st.stm32cube.ide.mcu.externaltools.gnu-tools-for-stm32.11.3.rel1.win32_1.1.100.202309141235/tools/bin/../lib/gcc/arm-none-eabi/11.3.1/../../../../arm-none-eabi/lib/thumb/v7e-m+fp/hard\libc_nano.a(libc_a-fwalk.o)
                              C:/ST/STM32CubeIDE_1.14.0/STM32CubeIDE/plugins/com.st.stm32cube.ide.mcu.externaltools.gnu-tools-for-stm32.11.3.rel1.win32_1.1.100.202309141235/tools/bin/../lib/gcc/arm-none-eabi/11.3.1/../../../../arm-none-eabi/lib/thumb/v7e-m+fp/hard\libc_nano.a(libc_a-findfp.o) (_fwalk_sglue)
C:/ST/STM32CubeIDE_1.14.0/STM32CubeIDE/plugins/com.st.stm32cube.ide.mcu.externaltools.gnu-tools-for-stm32.11.3.rel1.win32_1.1.100.202309141235/tools/bin/../lib/gcc/arm-none-eabi/11.3.1/../../../../arm-none-eabi/lib/thumb/v7e-m+fp/hard\libc_nano.a(libc_a-stdio.o)
                              C:/ST/STM32CubeIDE_1.14.0/STM32CubeIDE/plugins/com.st.stm32cube.ide.mcu.externaltools.gnu-tools-for-stm32.11.3.rel1.win32_1.1.100.202309141235/tools/bin/../lib/gcc/arm-none-eabi/11.3.1/../../../../arm-none-eabi/lib/thumb/v7e-m+fp/hard\libc_nano.a(libc_a-findfp.o) (__sread)
C:/ST/STM32CubeIDE_1.14.0/STM32CubeIDE/plugins/com.st.stm32cube.ide.mcu.externaltools.gnu-tools-for-stm32.11.3.rel1.win32_1.1.100.202309141235/tools/bin/../lib/gcc/arm-none-eabi/11.3.1/../../../../arm-none-eabi/lib/thumb/v7e-m+fp/hard\libc_nano.a(libc_a-memset.o)
                              C:/ST/STM32CubeIDE_1.14.0/STM32CubeIDE/plugins/com.st.stm32cube.ide.mcu.externaltools.gnu-tools-for-stm32.11.3.rel1.win32_1.1.100.202309141235/tools/bin/../lib/gcc/arm-none-eabi/11.3.1/../../../../arm-none-eabi/lib/thumb/v7e-m+fp/hard/crt0.o (memset)
C:/ST/STM32CubeIDE_1.14.0/STM32CubeIDE/plugins/com.st.stm32cube.ide.mcu.externaltools.gnu-tools-for-stm32.11.3.rel1.win32_1.1.100.202309141235/tools/bin/../lib/gcc/arm-none-eabi/11.3.1/../../../../arm-none-eabi/lib/thumb/v7e-m+fp/hard\libc_nano.a(libc_a-closer.o)
                              C:/ST/STM32CubeIDE_1.14.0/STM32CubeIDE/plugins/com.st.stm32cube.ide.mcu.externaltools.gnu-tools-for-stm32.11.3.rel1.win32_1.1.100.202309141235/tools/bin/../lib/gcc/arm-none-eabi/11.3.1/../../../../arm-none-eabi/lib/thumb/v7e-m+fp/hard\libc_nano.a(libc_a-stdio.o) (_close_r)
C:/ST/STM32CubeIDE_1.14.0/STM32CubeIDE/plugins/com.st.stm32cube.ide.mcu.externaltools.gnu-tools-for-stm32.11.3.rel1.win32_1.1.100.202309141235/tools/bin/../lib/gcc/arm-none-eabi/11.3.1/../../../../arm-none-eabi/lib/thumb/v7e-m+fp/hard\libc_nano.a(libc_a-reent.o)
                              C:/ST/STM32CubeIDE_1.14.0/STM32CubeIDE/plugins/com.st.stm32cube.ide.mcu.externaltools.gnu-tools-for-stm32.11.3.rel1.win32_1.1.100.202309141235/tools/bin/../lib/gcc/arm-none-eabi/11.3.1/../../../../arm-none-eabi/lib/thumb/v7e-m+fp/hard\libc_nano.a(libc_a-closer.o) (errno)
C:/ST/STM32CubeIDE_1.14.0/STM32CubeIDE/plugins/com.st.stm32cube.ide.mcu.externaltools.gnu-tools-for-stm32.11.3.rel1.win32_1.1.100.202309141235/tools/bin/../lib/gcc/arm-none-eabi/11.3.1/../../../../arm-none-eabi/lib/thumb/v7e-m+fp/hard\libc_nano.a(libc_a-impure.o)
                              C:/ST/STM32CubeIDE_1.14.0/STM32CubeIDE/plugins/com.st.stm32cube.ide.mcu.externaltools.gnu-tools-for-stm32.11.3.rel1.win32_1.1.100.202309141235/tools/bin/../lib/gcc/arm-none-eabi/11.3.1/../../../../arm-none-eabi/lib/thumb/v7e-m+fp/hard\libc_nano.a(libc_a-reent.o) (_impure_ptr)
C:/ST/STM32CubeIDE_1.14.0/STM32CubeIDE/plugins/com.st.stm32cube.ide.mcu.externaltools.gnu-tools-for-stm32.11.3.rel1.win32_1.1.100.202309141235/tools/bin/../lib/gcc/arm-none-eabi/11.3.1/../../../../arm-none-eabi/lib/thumb/v7e-m+fp/hard\libc_nano.a(libc_a-lseekr.o)
[...]
Memory Configuration

Name             Origin             Length             Attributes
CCMRAM           0x0000000010000000 0x0000000000010000 xrw
RAM              0x0000000020000000 0x0000000000030000 xrw
FLASH            0x0000000008000000 0x0000000000200000 xr
*default*        0x0000000000000000 0xffffffffffffffff

Linker script and memory map

LOAD C:/ST/STM32CubeIDE_1.14.0/STM32CubeIDE/plugins/com.st.stm32cube.ide.mcu.externaltools.gnu-tools-for-stm32.11.3.rel1.win32_1.1.100.202309141235/tools/bin/../lib/gcc/arm-none-eabi/11.3.1/thumb/v7e-m+fp/hard/crti.o
LOAD C:/ST/STM32CubeIDE_1.14.0/STM32CubeIDE/plugins/com.st.stm32cube.ide.mcu.externaltools.gnu-tools-for-stm32.11.3.rel1.win32_1.1.100.202309141235/tools/bin/../lib/gcc/arm-none-eabi/11.3.1/thumb/v7e-m+fp/hard/crtbegin.o
LOAD C:/ST/STM32CubeIDE_1.14.0/STM32CubeIDE/plugins/com.st.stm32cube.ide.mcu.externaltools.gnu-tools-for-stm32.11.3.rel1.win32_1.1.100.202309141235/tools/bin/../lib/gcc/arm-none-eabi/11.3.1/../../../../arm-none-eabi/lib/thumb/v7e-m+fp/hard/crt0.o
LOAD ./Core/Src/main.o
LOAD ./Core/Src/stm32f4xx_hal_msp.o
LOAD ./Core/Src/stm32f4xx_it.o
LOAD ./Core/Src/syscalls.o
LOAD ./Core/Src/sysmem.o
LOAD ./Core/Src/system_stm32f4xx.o
LOAD ./Core/Src/my_app/current_sensor/current_sensor.o
LOAD ./Core/Src/my_app/display/display.o
LOAD ./Core/Src/my_app/display/display_driver/LCDI2C.o
LOAD ./Core/Src/my_app/inject_simulator/inject_simulator.o
LOAD ./Core/Src/my_app/my_app.o
LOAD ./Core/Src/my_app/signal_analyzer/signal_analyzer.o
LOAD ./Core/Src/my_app/timer_api/timer_api.o
LOAD ./Core/Src/my_app/zero_cross/zero_cross.o
LOAD ./Core/Startup/startup_stm32f429zitx.o
LOAD ./Drivers/STM32F4xx_HAL_Driver/Src/stm32f4xx_hal.o
LOAD ./Drivers/STM32F4xx_HAL_Driver/Src/stm32f4xx_hal_adc.o
LOAD ./Drivers/STM32F4xx_HAL_Driver/Src/stm32f4xx_hal_adc_ex.o
LOAD ./Drivers/STM32F4xx_HAL_Driver/Src/stm32f4xx_hal_cortex.o
LOAD ./Drivers/STM32F4xx_HAL_Driver/Src/stm32f4xx_hal_dac.o
LOAD ./Drivers/STM32F4xx_HAL_Driver/Src/stm32f4xx_hal_dac_ex.o
LOAD ./Drivers/STM32F4xx_HAL_Driver/Src/stm32f4xx_hal_dma.o
LOAD ./Drivers/STM32F4xx_HAL_Driver/Src/stm32f4xx_hal_dma_ex.o
LOAD ./Drivers/STM32F4xx_HAL_Driver/Src/stm32f4xx_hal_exti.o
LOAD ./Drivers/STM32F4xx_HAL_Driver/Src/stm32f4xx_hal_flash.o
LOAD ./Drivers/STM32F4xx_HAL_Driver/Src/stm32f4xx_hal_flash_ex.o
LOAD ./Drivers/STM32F4xx_HAL_Driver/Src/stm32f4xx_hal_flash_ramfunc.o
LOAD ./Drivers/STM32F4xx_HAL_Driver/Src/stm32f4xx_hal_gpio.o
LOAD ./Drivers/STM32F4xx_HAL_Driver/Src/stm32f4xx_hal_i2c.o
LOAD ./Drivers/STM32F4xx_HAL_Driver/Src/stm32f4xx_hal_i2c_ex.o
LOAD ./Drivers/STM32F4xx_HAL_Driver/Src/stm32f4xx_hal_pcd.o
LOAD ./Drivers/STM32F4xx_HAL_Driver/Src/stm32f4xx_hal_pcd_ex.o
LOAD ./Drivers/STM32F4xx_HAL_Driver/Src/stm32f4xx_hal_pwr.o
LOAD ./Drivers/STM32F4xx_HAL_Driver/Src/stm32f4xx_hal_pwr_ex.o
LOAD ./Drivers/STM32F4xx_HAL_Driver/Src/stm32f4xx_hal_rcc.o
LOAD ./Drivers/STM32F4xx_HAL_Driver/Src/stm32f4xx_hal_rcc_ex.o
LOAD ./Drivers/STM32F4xx_HAL_Driver/Src/stm32f4xx_hal_tim.o
LOAD ./Drivers/STM32F4xx_HAL_Driver/Src/stm32f4xx_hal_tim_ex.o
LOAD ./Drivers/STM32F4xx_HAL_Driver/Src/stm32f4xx_hal_uart.o
LOAD ./Drivers/STM32F4xx_HAL_Driver/Src/stm32f4xx_ll_adc.o
LOAD ./Drivers/STM32F4xx_HAL_Driver/Src/stm32f4xx_ll_usb.o
START GROUP
LOAD C:/ST/STM32CubeIDE_1.14.0/STM32CubeIDE/plugins/com.st.stm32cube.ide.mcu.externaltools.gnu-tools-for-stm32.11.3.rel1.win32_1.1.100.202309141235/tools/bin/../lib/gcc/arm-none-eabi/11.3.1/../../../../arm-none-eabi/lib/thumb/v7e-m+fp/hard\libc_nano.a
LOAD C:/ST/STM32CubeIDE_1.14.0/STM32CubeIDE/plugins/com.st.stm32cube.ide.mcu.externaltools.gnu-tools-for-stm32.11.3.rel1.win32_1.1.100.202309141235/tools/bin/../lib/gcc/arm-none-eabi/11.3.1/../../../../arm-none-eabi/lib/thumb/v7e-m+fp/hard\libm.a
END GROUP
START GROUP
LOAD C:/ST/STM32CubeIDE_1.14.0/STM32CubeIDE/plugins/com.st.stm32cube.ide.mcu.externaltools.gnu-tools-for-stm32.11.3.rel1.win32_1.1.100.202309141235/tools/bin/../lib/gcc/arm-none-eabi/11.3.1/thumb/v7e-m+fp/hard\libgcc.a
LOAD C:/ST/STM32CubeIDE_1.14.0/STM32CubeIDE/plugins/com.st.stm32cube.ide.mcu.externaltools.gnu-tools-for-stm32.11.3.rel1.win32_1.1.100.202309141235/tools/bin/../lib/gcc/arm-none-eabi/11.3.1/../../../../arm-none-eabi/lib/thumb/v7e-m+fp/hard\libc_nano.a
END GROUP
START GROUP
LOAD C:/ST/STM32CubeIDE_1.14.0/STM32CubeIDE/plugins/com.st.stm32cube.ide.mcu.externaltools.gnu-tools-for-stm32.11.3.rel1.win32_1.1.100.202309141235/tools/bin/../lib/gcc/arm-none-eabi/11.3.1/thumb/v7e-m+fp/hard\libgcc.a
LOAD C:/ST/STM32CubeIDE_1.14.0/STM32CubeIDE/plugins/com.st.stm32cube.ide.mcu.externaltools.gnu-tools-for-stm32.11.3.rel1.win32_1.1.100.202309141235/tools/bin/../lib/gcc/arm-none-eabi/11.3.1/../../../../arm-none-eabi/lib/thumb/v7e-m+fp/hard\libc_nano.a
LOAD C:/ST/STM32CubeIDE_1.14.0/STM32CubeIDE/plugins/com.st.stm32cube.ide.mcu.externaltools.gnu-tools-for-stm32.11.3.rel1.win32_1.1.100.202309141235/tools/bin/../lib/gcc/arm-none-eabi/11.3.1/../../../../arm-none-eabi/lib/thumb/v7e-m+fp/hard\libnosys.a
END GROUP
START GROUP
LOAD C:/ST/STM32CubeIDE_1.14.0/STM32CubeIDE/plugins/com.st.stm32cube.ide.mcu.externaltools.gnu-tools-for-stm32.11.3.rel1.win32_1.1.100.202309141235/tools/bin/../lib/gcc/arm-none-eabi/11.3.1/thumb/v7e-m+fp/hard\libgcc.a
LOAD C:/ST/STM32CubeIDE_1.14.0/STM32CubeIDE/plugins/com.st.stm32cube.ide.mcu.externaltools.gnu-tools-for-stm32.11.3.rel1.win32_1.1.100.202309141235/tools/bin/../lib/gcc/arm-none-eabi/11.3.1/../../../../arm-none-eabi/lib/thumb/v7e-m+fp/hard\libc_nano.a
LOAD C:/ST/STM32CubeIDE_1.14.0/STM32CubeIDE/plugins/com.st.stm32cube.ide.mcu.externaltools.gnu-tools-for-stm32.11.3.rel1.win32_1.1.100.202309141235/tools/bin/../lib/gcc/arm-none-eabi/11.3.1/../../../../arm-none-eabi/lib/thumb/v7e-m+fp/hard\libnosys.a
END GROUP
LOAD C:/ST/STM32CubeIDE_1.14.0/STM32CubeIDE/plugins/com.st.stm32cube.ide.mcu.externaltools.gnu-tools-for-stm32.11.3.rel1.win32_1.1.100.202309141235/tools/bin/../lib/gcc/arm-none-eabi/11.3.1/thumb/v7e-m+fp/hard/crtend.o
LOAD C:/ST/STM32CubeIDE_1.14.0/STM32CubeIDE/plugins/com.st.stm32cube.ide.mcu.externaltools.gnu-tools-for-stm32.11.3.rel1.win32_1.1.100.202309141235/tools/bin/../lib/gcc/arm-none-eabi/11.3.1/thumb/v7e-m+fp/hard/crtn.o
                0x0000000020030000                _estack = (ORIGIN (RAM) + LENGTH (RAM))
                0x0000000000000200                _Min_Heap_Size = 0x200
                0x0000000000000400                _Min_Stack_Size = 0x400

.isr_vector     0x0000000008000000      0x1ac
                0x0000000008000000                . = ALIGN (0x4)
 *(.isr_vector)
 .isr_vector    0x0000000008000000      0x1ac ./Core/Startup/startup_stm32f429zitx.o
                0x0000000008000000                g_pfnVectors
                0x00000000080001ac                . = ALIGN (0x4)

.text           0x00000000080001ac     0x4c7c
                0x00000000080001ac                . = ALIGN (0x4)
 *(.text)
 .text          0x00000000080001ac       0x40 C:/ST/STM32CubeIDE_1.14.0/STM32CubeIDE/plugins/com.st.stm32cube.ide.mcu.externaltools.gnu-tools-for-stm32.11.3.rel1.win32_1.1.100.202309141235/tools/bin/../lib/gcc/arm-none-eabi/11.3.1/thumb/v7e-m+fp/hard/crtbegin.o
 .text          0x00000000080001ec       0x30 C:/ST/STM32CubeIDE_1.14.0/STM32CubeIDE/plugins/com.st.stm32cube.ide.mcu.externaltools.gnu-tools-for-stm32.11.3.rel1.win32_1.1.100.202309141235/tools/bin/../lib/gcc/arm-none-eabi/11.3.1/thumb/v7e-m+fp/hard\libgcc.a(_aeabi_uldivmod.o)
                0x00000000080001ec                __aeabi_uldivmod
 .text          0x000000000800021c      0x2c8 C:/ST/STM32CubeIDE_1.14.0/STM32CubeIDE/plugins/com.st.stm32cube.ide.mcu.externaltools.gnu-tools-for-stm32.11.3.rel1.win32_1.1.100.202309141235/tools/bin/../lib/gcc/arm-none-eabi/11.3.1/thumb/v7e-m+fp/hard\libgcc.a(_udivmoddi4.o)
                0x000000000800021c                __udivmoddi4
 .text          0x00000000080004e4        0x4 C:/ST/STM32CubeIDE_1.14.0/STM32CubeIDE/plugins/com.st.stm32cube.ide.mcu.externaltools.gnu-tools-for-stm32.11.3.rel1.win32_1.1.100.202309141235/tools/bin/../lib/gcc/arm-none-eabi/11.3.1/thumb/v7e-m+fp/hard\libgcc.a(_dvmd_tls.o)
                0x00000000080004e4                __aeabi_idiv0
                0x00000000080004e4                __aeabi_ldiv0
 *(.text*)
 .text.main     0x00000000080004e8       0x36 ./Core/Src/main.o
                0x00000000080004e8                main
 *fill*         0x000000000800051e        0x2 
 .text.SystemClock_Config
                0x0000000008000520       0xd4 ./Core/Src/main.o
                0x0000000008000520                SystemClock_Config
 .text.MX_ADC1_Init
                0x00000000080005f4       0xa4 ./Core/Src/main.o
 .text.MX_DAC_Init
                0x0000000008000698       0x54 ./Core/Src/main.o
 .text.MX_I2C1_Init
                0x00000000080006ec       0x80 ./Core/Src/main.o
 .text.MX_TIM2_Init
                0x000000000800076c       0x98 ./Core/Src/main.o
 .text.MX_USART3_UART_Init
                0x0000000008000804       0x54 ./Core/Src/main.o
 .text.MX_USB_OTG_FS_PCD_Init
                0x0000000008000858       0x5c ./Core/Src/main.o
 .text.MX_DMA_Init
                0x00000000080008b4       0x6c ./Core/Src/main.o
 .text.MX_GPIO_Init
                0x0000000008000920      0x21c ./Core/Src/main.o
 .text.Error_Handler
                0x0000000008000b3c        0xa ./Core/Src/main.o
                0x0000000008000b3c                Error_Handler
 *fill*         0x0000000008000b46        0x2 
 .text.HAL_MspInit
                0x0000000008000b48       0x50 ./Core/Src/stm32f4xx_hal_msp.o
                0x0000000008000b48                HAL_MspInit
 .text.HAL_ADC_MspInit
                0x0000000008000b98       0xf0 ./Core/Src/stm32f4xx_hal_msp.o
                0x0000000008000b98                HAL_ADC_MspInit
 .text.HAL_DAC_MspInit
                0x0000000008000c88       0xf0 ./Core/Src/stm32f4xx_hal_msp.o
                0x0000000008000c88                HAL_DAC_MspInit
 .text.HAL_I2C_MspInit
                0x0000000008000d78       0x90 ./Core/Src/stm32f4xx_hal_msp.o
                0x0000000008000d78                HAL_I2C_MspInit
 .text.HAL_TIM_Base_MspInit
                0x0000000008000e08       0x40 ./Core/Src/stm32f4xx_hal_msp.o
                0x0000000008000e08                HAL_TIM_Base_MspInit
 .text.HAL_UART_MspInit
                0x0000000008000e48       0x90 ./Core/Src/stm32f4xx_hal_msp.o
                0x0000000008000e48                HAL_UART_MspInit
 .text.HAL_PCD_MspInit
                0x0000000008000ed8       0xb4 ./Core/Src/stm32f4xx_hal_msp.o
                0x0000000008000ed8                HAL_PCD_MspInit
 .text.NMI_Handler
                0x0000000008000f8c        0x6 ./Core/Src/stm32f4xx_it.o
                0x0000000008000f8c                NMI_Handler
 .text.HardFault_Handler
                0x0000000008000f92        0x6 ./Core/Src/stm32f4xx_it.o
                0x0000000008000f92                HardFault_Handler
 .text.MemManage_Handler
                0x0000000008000f98        0x6 ./Core/Src/stm32f4xx_it.o
                0x0000000008000f98                MemManage_Handler
 .text.BusFault_Handler
                0x0000000008000f9e        0x6 ./Core/Src/stm32f4xx_it.o
                0x0000000008000f9e                BusFault_Handler
 .text.UsageFault_Handler
                0x0000000008000fa4        0x6 ./Core/Src/stm32f4xx_it.o
                0x0000000008000fa4                UsageFault_Handler
 .text.SVC_Handler
                0x0000000008000faa        0xe ./Core/Src/stm32f4xx_it.o
                0x0000000008000faa                SVC_Handler
 .text.DebugMon_Handler
                0x0000000008000fb8        0xe ./Core/Src/stm32f4xx_it.o
                0x0000000008000fb8                DebugMon_Handler
 .text.PendSV_Handler
                0x0000000008000fc6        0xe ./Core/Src/stm32f4xx_it.o
                0x0000000008000fc6                PendSV_Handler
 .text.SysTick_Handler
                0x0000000008000fd4        0xc ./Core/Src/stm32f4xx_it.o
                0x0000000008000fd4                SysTick_Handler
 .text.DMA1_Stream5_IRQHandler
                0x0000000008000fe0       0x14 ./Core/Src/stm32f4xx_it.o
                0x0000000008000fe0                DMA1_Stream5_IRQHandler
 .text.DMA2_Stream0_IRQHandler
                0x0000000008000ff4       0x14 ./Core/Src/stm32f4xx_it.o
                0x0000000008000ff4                DMA2_Stream0_IRQHandler
 .text.SystemInit
                0x0000000008001008       0x24 ./Core/Src/system_stm32f4xx.o
                0x0000000008001008                SystemInit
 .text.current_sensor_get_sample_ADC
                0x000000000800102c       0x10 ./Core/Src/my_app/current_sensor/current_sensor.o
                0x000000000800102c                current_sensor_get_sample_ADC
 .text.current_sensor_init
                0x000000000800103c        0xe ./Core/Src/my_app/current_sensor/current_sensor.o
                0x000000000800103c                current_sensor_init
 *fill*         0x000000000800104a        0x2 
 .text.curent_sensor_calibrate
                0x000000000800104c       0xac ./Core/Src/my_app/current_sensor/current_sensor.o
                0x000000000800104c                curent_sensor_calibrate
 .text.current_sensor_sampling_loop
                0x00000000080010f8       0x24 ./Core/Src/my_app/current_sensor/current_sensor.o
                0x00000000080010f8                current_sensor_sampling_loop
 .text.display_init
                0x000000000800111c       0x54 ./Core/Src/my_app/display/display.o
                0x000000000800111c                display_init
 .text.LCD_sendCMD
                0x0000000008001170       0x60 ./Core/Src/my_app/display/display_driver/LCDI2C.o
                0x0000000008001170                LCD_sendCMD
 .text.LCD_sendData
                0x00000000080011d0       0x60 ./Core/Src/my_app/display/display_driver/LCDI2C.o
                0x00000000080011d0                LCD_sendData
 .text.LCD_Init
                0x0000000008001230       0x7a ./Core/Src/my_app/display/display_driver/LCDI2C.o
                0x0000000008001230                LCD_Init
 .text.LCD_sendSTR
                0x00000000080012aa       0x2a ./Core/Src/my_app/display/display_driver/LCDI2C.o
                0x00000000080012aa                LCD_sendSTR
 .text.LCD_setCursor
                0x00000000080012d4       0x60 ./Core/Src/my_app/display/display_driver/LCDI2C.o
                0x00000000080012d4                LCD_setCursor
 .text.inject_simulator_init
                0x0000000008001334        0xe ./Core/Src/my_app/inject_simulator/inject_simulator.o
                0x0000000008001334                inject_simulator_init
 .text.my_app_init
                0x0000000008001342       0x1c ./Core/Src/my_app/my_app.o
                0x0000000008001342                my_app_init
 *fill*         0x000000000800135e        0x2 
 .text.my_app_loop
                0x0000000008001360       0x78 ./Core/Src/my_app/my_app.o
                0x0000000008001360                my_app_loop
 .text.signal_analyzer_init
                0x00000000080013d8        0xe ./Core/Src/my_app/signal_analyzer/signal_analyzer.o
                0x00000000080013d8                signal_analyzer_init
 .text.timer_api_timeout
                0x00000000080013e6       0x18 ./Core/Src/my_app/timer_api/timer_api.o
                0x00000000080013e6                timer_api_timeout
 .text.timer_api_set_count
                0x00000000080013fe       0x18 ./Core/Src/my_app/timer_api/timer_api.o
                0x00000000080013fe                timer_api_set_count
 .text.zero_cross_init
                0x0000000008001416        0xe ./Core/Src/my_app/zero_cross/zero_cross.o
                0x0000000008001416                zero_cross_init
 .text.Reset_Handler
                0x0000000008001424       0x50 ./Core/Startup/startup_stm32f429zitx.o
                0x0000000008001424                Reset_Handler
 .text.Default_Handler
                0x0000000008001474        0x2 ./Core/Startup/startup_stm32f429zitx.o
                0x0000000008001474                RTC_Alarm_IRQHandler
                0x0000000008001474                HASH_RNG_IRQHandler
                0x0000000008001474                EXTI2_IRQHandler
                0x0000000008001474                TIM8_CC_IRQHandler
                0x0000000008001474                UART8_IRQHandler
                0x0000000008001474                SPI4_IRQHandler
                0x0000000008001474                TIM1_CC_IRQHandler
                0x0000000008001474                DMA2_Stream5_IRQHandler
                0x0000000008001474                PVD_IRQHandler
                0x0000000008001474                SDIO_IRQHandler
                0x0000000008001474                TAMP_STAMP_IRQHandler
                0x0000000008001474                CAN2_RX1_IRQHandler
                0x0000000008001474                EXTI3_IRQHandler
                0x0000000008001474                TIM8_TRG_COM_TIM14_IRQHandler
                0x0000000008001474                TIM1_UP_TIM10_IRQHandler
                0x0000000008001474                TIM8_UP_TIM13_IRQHandler
                0x0000000008001474                I2C3_ER_IRQHandler
                0x0000000008001474                EXTI0_IRQHandler
                0x0000000008001474                I2C2_EV_IRQHandler
                0x0000000008001474                DMA1_Stream2_IRQHandler
                0x0000000008001474                CAN1_RX0_IRQHandler
                0x0000000008001474                FPU_IRQHandler
                0x0000000008001474                OTG_HS_WKUP_IRQHandler
                0x0000000008001474                LTDC_ER_IRQHandler
                0x0000000008001474                CAN2_SCE_IRQHandler
                0x0000000008001474                DMA2_Stream2_IRQHandler
                0x0000000008001474                SPI1_IRQHandler
                0x0000000008001474                TIM6_DAC_IRQHandler
                0x0000000008001474                TIM1_BRK_TIM9_IRQHandler
                0x0000000008001474                DCMI_IRQHandler
                0x0000000008001474                CAN2_RX0_IRQHandler
                0x0000000008001474                DMA2_Stream3_IRQHandler
                0x0000000008001474                USART6_IRQHandler
                0x0000000008001474                USART3_IRQHandler
                0x0000000008001474                CAN1_RX1_IRQHandler
                0x0000000008001474                UART5_IRQHandler
                0x0000000008001474                TIM4_IRQHandler
                0x0000000008001474                I2C1_EV_IRQHandler
                0x0000000008001474                DMA1_Stream6_IRQHandler
                0x0000000008001474                DMA1_Stream1_IRQHandler
                0x0000000008001474                UART4_IRQHandler
                0x0000000008001474                TIM3_IRQHandler
                0x0000000008001474                RCC_IRQHandler
                0x0000000008001474                TIM8_BRK_TIM12_IRQHandler
                0x0000000008001474                Default_Handler
                0x0000000008001474                EXTI15_10_IRQHandler
                0x0000000008001474                ADC_IRQHandler
                0x0000000008001474                DMA1_Stream7_IRQHandler
                0x0000000008001474                SPI5_IRQHandler
                0x0000000008001474                TIM7_IRQHandler
                0x0000000008001474                CAN2_TX_IRQHandler
                0x0000000008001474                TIM5_IRQHandler
                0x0000000008001474                DMA2_Stream7_IRQHandler
                0x0000000008001474                I2C3_EV_IRQHandler
                0x0000000008001474                EXTI9_5_IRQHandler
                0x0000000008001474                RTC_WKUP_IRQHandler
                0x0000000008001474                LTDC_IRQHandler
                0x0000000008001474                ETH_WKUP_IRQHandler
                0x0000000008001474                SPI2_IRQHandler
                0x0000000008001474                OTG_HS_EP1_IN_IRQHandler
                0x0000000008001474                DMA1_Stream0_IRQHandler
                0x0000000008001474                CAN1_TX_IRQHandler
                0x0000000008001474                EXTI4_IRQHandler
                0x0000000008001474                ETH_IRQHandler
                0x0000000008001474                OTG_HS_EP1_OUT_IRQHandler
                0x0000000008001474                WWDG_IRQHandler
                0x0000000008001474                SPI6_IRQHandler
                0x0000000008001474                TIM2_IRQHandler
                0x0000000008001474                OTG_FS_WKUP_IRQHandler
                0x0000000008001474                TIM1_TRG_COM_TIM11_IRQHandler
                0x0000000008001474                OTG_HS_IRQHandler
                0x0000000008001474                DMA2D_IRQHandler
                0x0000000008001474                EXTI1_IRQHandler
                0x0000000008001474                UART7_IRQHandler
                0x0000000008001474                USART2_IRQHandler
                0x0000000008001474                I2C2_ER_IRQHandler
                0x0000000008001474                DMA2_Stream1_IRQHandler
                0x0000000008001474                CAN1_SCE_IRQHandler
                0x0000000008001474                FLASH_IRQHandler
                0x0000000008001474                DMA2_Stream4_IRQHandler
                0x0000000008001474                USART1_IRQHandler
                0x0000000008001474                OTG_FS_IRQHandler
                0x0000000008001474                SPI3_IRQHandler
                0x0000000008001474                DMA1_Stream4_IRQHandler
                0x0000000008001474                I2C1_ER_IRQHandler
                0x0000000008001474                FMC_IRQHandler
                0x0000000008001474                DMA2_Stream6_IRQHandler
                0x0000000008001474                SAI1_IRQHandler
                0x0000000008001474                DMA1_Stream3_IRQHandler
 *fill*         0x0000000008001476        0x2 
 .text.HAL_Init
                0x0000000008001478       0x44 ./Drivers/STM32F4xx_HAL_Driver/Src/stm32f4xx_hal.o
                0x0000000008001478                HAL_Init
 .text.HAL_InitTick
                0x00000000080014bc       0x60 ./Drivers/STM32F4xx_HAL_Driver/Src/stm32f4xx_hal.o
                0x00000000080014bc                HAL_InitTick
 .text.HAL_IncTick
                0x000000000800151c       0x28 ./Drivers/STM32F4xx_HAL_Driver/Src/stm32f4xx_hal.o
                0x000000000800151c                HAL_IncTick
 .text.HAL_GetTick
                0x0000000008001544       0x18 ./Drivers/STM32F4xx_HAL_Driver/Src/stm32f4xx_hal.o
                0x0000000008001544                HAL_GetTick
 .text.HAL_Delay
                0x000000000800155c       0x48 ./Drivers/STM32F4xx_HAL_Driver/Src/stm32f4xx_hal.o
                0x000000000800155c                HAL_Delay
 .text.HAL_ADC_Init
                0x00000000080015a4       0x86 ./Drivers/STM32F4xx_HAL_Driver/Src/stm32f4xx_hal_adc.o
                0x00000000080015a4                HAL_ADC_Init
 *fill*         0x000000000800162a        0x2 
 .text.HAL_ADC_ConfigChannel
                0x000000000800162c      0x264 ./Drivers/STM32F4xx_HAL_Driver/Src/stm32f4xx_hal_adc.o
                0x000000000800162c                HAL_ADC_ConfigChannel
 .text.ADC_Init
                0x0000000008001890      0x1f8 ./Drivers/STM32F4xx_HAL_Driver/Src/stm32f4xx_hal_adc.o
 .text.__NVIC_SetPriorityGrouping
                0x0000000008001a88       0x48 ./Drivers/STM32F4xx_HAL_Driver/Src/stm32f4xx_hal_cortex.o
 .text.__NVIC_GetPriorityGrouping
                0x0000000008001ad0       0x1c ./Drivers/STM32F4xx_HAL_Driver/Src/stm32f4xx_hal_cortex.o
 .text.__NVIC_EnableIRQ
                0x0000000008001aec       0x3c ./Drivers/STM32F4xx_HAL_Driver/Src/stm32f4xx_hal_cortex.o
 .text.__NVIC_SetPriority
                0x0000000008001b28       0x54 ./Drivers/STM32F4xx_HAL_Driver/Src/stm32f4xx_hal_cortex.o
 .text.NVIC_EncodePriority
                0x0000000008001b7c       0x66 ./Drivers/STM32F4xx_HAL_Driver/Src/stm32f4xx_hal_cortex.o
 *fill*         0x0000000008001be2        0x2 
 .text.SysTick_Config
                0x0000000008001be4       0x44 ./Drivers/STM32F4xx_HAL_Driver/Src/stm32f4xx_hal_cortex.o
 .text.HAL_NVIC_SetPriorityGrouping
                0x0000000008001c28       0x16 ./Drivers/STM32F4xx_HAL_Driver/Src/stm32f4xx_hal_cortex.o
                0x0000000008001c28                HAL_NVIC_SetPriorityGrouping
 .text.HAL_NVIC_SetPriority
                0x0000000008001c3e       0x38 ./Drivers/STM32F4xx_HAL_Driver/Src/stm32f4xx_hal_cortex.o
                0x0000000008001c3e                HAL_NVIC_SetPriority
 .text.HAL_NVIC_EnableIRQ
                0x0000000008001c76       0x1c ./Drivers/STM32F4xx_HAL_Driver/Src/stm32f4xx_hal_cortex.o
                0x0000000008001c76                HAL_NVIC_EnableIRQ
 .text.HAL_SYSTICK_Config
                0x0000000008001c92       0x18 ./Drivers/STM32F4xx_HAL_Driver/Src/stm32f4xx_hal_cortex.o
                0x0000000008001c92                HAL_SYSTICK_Config
 .text.HAL_DAC_Init
                0x0000000008001caa       0x44 ./Drivers/STM32F4xx_HAL_Driver/Src/stm32f4xx_hal_dac.o
                0x0000000008001caa                HAL_DAC_Init
 .text.HAL_DAC_ConfigChannel
                0x0000000008001cee       0xb2 ./Drivers/STM32F4xx_HAL_Driver/Src/stm32f4xx_hal_dac.o
                0x0000000008001cee                HAL_DAC_ConfigChannel
 .text.HAL_DMA_Init
                0x0000000008001da0      0x15c ./Drivers/STM32F4xx_HAL_Driver/Src/stm32f4xx_hal_dma.o
                0x0000000008001da0                HAL_DMA_Init
 .text.HAL_DMA_IRQHandler
                0x0000000008001efc      0x314 ./Drivers/STM32F4xx_HAL_Driver/Src/stm32f4xx_hal_dma.o
                0x0000000008001efc                HAL_DMA_IRQHandler
 .text.DMA_CalcBaseAndBitshift
                0x0000000008002210       0x6c ./Drivers/STM32F4xx_HAL_Driver/Src/stm32f4xx_hal_dma.o
 .text.DMA_CheckFifoParam
                0x000000000800227c       0xf8 ./Drivers/STM32F4xx_HAL_Driver/Src/stm32f4xx_hal_dma.o
 .text.HAL_GPIO_Init
                0x0000000008002374      0x358 ./Drivers/STM32F4xx_HAL_Driver/Src/stm32f4xx_hal_gpio.o
                0x0000000008002374                HAL_GPIO_Init
 .text.HAL_GPIO_WritePin
                0x00000000080026cc       0x32 ./Drivers/STM32F4xx_HAL_Driver/Src/stm32f4xx_hal_gpio.o
                0x00000000080026cc                HAL_GPIO_WritePin
 *fill*         0x00000000080026fe        0x2 
 .text.HAL_I2C_Init
                0x0000000008002700      0x288 ./Drivers/STM32F4xx_HAL_Driver/Src/stm32f4xx_hal_i2c.o
                0x0000000008002700                HAL_I2C_Init
 .text.HAL_I2C_Master_Transmit
                0x0000000008002988      0x1fc ./Drivers/STM32F4xx_HAL_Driver/Src/stm32f4xx_hal_i2c.o
                0x0000000008002988                HAL_I2C_Master_Transmit
 .text.I2C_MasterRequestWrite
                0x0000000008002b84      0x104 ./Drivers/STM32F4xx_HAL_Driver/Src/stm32f4xx_hal_i2c.o
 .text.I2C_WaitOnFlagUntilTimeout
                0x0000000008002c88       0xf4 ./Drivers/STM32F4xx_HAL_Driver/Src/stm32f4xx_hal_i2c.o
 .text.I2C_WaitOnMasterAddressFlagUntilTimeout
                0x0000000008002d7c      0x140 ./Drivers/STM32F4xx_HAL_Driver/Src/stm32f4xx_hal_i2c.o
 .text.I2C_WaitOnTXEFlagUntilTimeout
                0x0000000008002ebc       0x90 ./Drivers/STM32F4xx_HAL_Driver/Src/stm32f4xx_hal_i2c.o
 .text.I2C_WaitOnBTFFlagUntilTimeout
                0x0000000008002f4c       0x90 ./Drivers/STM32F4xx_HAL_Driver/Src/stm32f4xx_hal_i2c.o
 .text.I2C_IsAcknowledgeFailed
                0x0000000008002fdc       0x5e ./Drivers/STM32F4xx_HAL_Driver/Src/stm32f4xx_hal_i2c.o
 .text.HAL_I2CEx_ConfigAnalogFilter
                0x000000000800303a       0x78 ./Drivers/STM32F4xx_HAL_Driver/Src/stm32f4xx_hal_i2c_ex.o
                0x000000000800303a                HAL_I2CEx_ConfigAnalogFilter
 .text.HAL_I2CEx_ConfigDigitalFilter
                0x00000000080030b2       0x7e ./Drivers/STM32F4xx_HAL_Driver/Src/stm32f4xx_hal_i2c_ex.o
                0x00000000080030b2                HAL_I2CEx_ConfigDigitalFilter
 .text.HAL_PCD_Init
                0x0000000008003130      0x21e ./Drivers/STM32F4xx_HAL_Driver/Src/stm32f4xx_hal_pcd.o
                0x0000000008003130                HAL_PCD_Init
 *fill*         0x000000000800334e        0x2 
 .text.HAL_RCC_OscConfig
                0x0000000008003350      0x4f0 ./Drivers/STM32F4xx_HAL_Driver/Src/stm32f4xx_hal_rcc.o
                0x0000000008003350                HAL_RCC_OscConfig
 .text.HAL_RCC_ClockConfig
                0x0000000008003840      0x1cc ./Drivers/STM32F4xx_HAL_Driver/Src/stm32f4xx_hal_rcc.o
                0x0000000008003840                HAL_RCC_ClockConfig
 .text.HAL_RCC_GetSysClockFreq
                0x0000000008003a0c      0x20c ./Drivers/STM32F4xx_HAL_Driver/Src/stm32f4xx_hal_rcc.o
                0x0000000008003a0c                HAL_RCC_GetSysClockFreq
 .text.HAL_RCC_GetHCLKFreq
                0x0000000008003c18       0x18 ./Drivers/STM32F4xx_HAL_Driver/Src/stm32f4xx_hal_rcc.o
                0x0000000008003c18                HAL_RCC_GetHCLKFreq
 .text.HAL_RCC_GetPCLK1Freq
                0x0000000008003c30       0x28 ./Drivers/STM32F4xx_HAL_Driver/Src/stm32f4xx_hal_rcc.o
                0x0000000008003c30                HAL_RCC_GetPCLK1Freq
 .text.HAL_RCC_GetPCLK2Freq
                0x0000000008003c58       0x28 ./Drivers/STM32F4xx_HAL_Driver/Src/stm32f4xx_hal_rcc.o
                0x0000000008003c58                HAL_RCC_GetPCLK2Freq
 .text.HAL_TIM_Base_Init
                0x0000000008003c80       0x9e ./Drivers/STM32F4xx_HAL_Driver/Src/stm32f4xx_hal_tim.o
                0x0000000008003c80                HAL_TIM_Base_Init
 .text.HAL_TIM_ConfigClockSource
                0x0000000008003d1e      0x18e ./Drivers/STM32F4xx_HAL_Driver/Src/stm32f4xx_hal_tim.o
                0x0000000008003d1e                HAL_TIM_ConfigClockSource
 .text.TIM_Base_SetConfig
                0x0000000008003eac      0x158 ./Drivers/STM32F4xx_HAL_Driver/Src/stm32f4xx_hal_tim.o
                0x0000000008003eac                TIM_Base_SetConfig
 .text.TIM_TI1_ConfigInputStage
                0x0000000008004004       0x5e ./Drivers/STM32F4xx_HAL_Driver/Src/stm32f4xx_hal_tim.o
 .text.TIM_TI2_ConfigInputStage
                0x0000000008004062       0x60 ./Drivers/STM32F4xx_HAL_Driver/Src/stm32f4xx_hal_tim.o
 .text.TIM_ITRx_SetConfig
                0x00000000080040c2       0x36 ./Drivers/STM32F4xx_HAL_Driver/Src/stm32f4xx_hal_tim.o
 .text.TIM_ETR_SetConfig
                0x00000000080040f8       0x40 ./Drivers/STM32F4xx_HAL_Driver/Src/stm32f4xx_hal_tim.o
                0x00000000080040f8                TIM_ETR_SetConfig
 .text.HAL_TIMEx_MasterConfigSynchronization
                0x0000000008004138       0xf8 ./Drivers/STM32F4xx_HAL_Driver/Src/stm32f4xx_hal_tim_ex.o
                0x0000000008004138                HAL_TIMEx_MasterConfigSynchronization
 .text.HAL_UART_Init
                0x0000000008004230       0xa0 ./Drivers/STM32F4xx_HAL_Driver/Src/stm32f4xx_hal_uart.o
                0x0000000008004230                HAL_UART_Init
 .text.UART_SetConfig
                0x00000000080042d0      0x4e8 ./Drivers/STM32F4xx_HAL_Driver/Src/stm32f4xx_hal_uart.o
 .text.USB_CoreInit
                0x00000000080047b8       0xc8 ./Drivers/STM32F4xx_HAL_Driver/Src/stm32f4xx_ll_usb.o
                0x00000000080047b8                USB_CoreInit
 .text.USB_DisableGlobalInt
                0x0000000008004880       0x22 ./Drivers/STM32F4xx_HAL_Driver/Src/stm32f4xx_ll_usb.o
                0x0000000008004880                USB_DisableGlobalInt
 .text.USB_SetCurrentMode
                0x00000000080048a2       0x98 ./Drivers/STM32F4xx_HAL_Driver/Src/stm32f4xx_ll_usb.o
                0x00000000080048a2                USB_SetCurrentMode
 *fill*         0x000000000800493a        0x2 
 .text.USB_DevInit
                0x000000000800493c      0x2c8 ./Drivers/STM32F4xx_HAL_Driver/Src/stm32f4xx_ll_usb.o
                0x000000000800493c                USB_DevInit
 .text.USB_FlushTxFifo
                0x0000000008004c04       0x64 ./Drivers/STM32F4xx_HAL_Driver/Src/stm32f4xx_ll_usb.o
                0x0000000008004c04                USB_FlushTxFifo
 .text.USB_FlushRxFifo
                0x0000000008004c68       0x5c ./Drivers/STM32F4xx_HAL_Driver/Src/stm32f4xx_ll_usb.o
                0x0000000008004c68                USB_FlushRxFifo
 .text.USB_SetDevSpeed
                0x0000000008004cc4       0x32 ./Drivers/STM32F4xx_HAL_Driver/Src/stm32f4xx_ll_usb.o
                0x0000000008004cc4                USB_SetDevSpeed
 .text.USB_DevDisconnect
                0x0000000008004cf6       0x42 ./Drivers/STM32F4xx_HAL_Driver/Src/stm32f4xx_ll_usb.o
                0x0000000008004cf6                USB_DevDisconnect
 .text.USB_GetMode
                0x0000000008004d38       0x1c ./Drivers/STM32F4xx_HAL_Driver/Src/stm32f4xx_ll_usb.o
                0x0000000008004d38                USB_GetMode
 .text.USB_CoreReset
                0x0000000008004d54       0x62 ./Drivers/STM32F4xx_HAL_Driver/Src/stm32f4xx_ll_usb.o
 .text.memset   0x0000000008004db6       0x10 C:/ST/STM32CubeIDE_1.14.0/STM32CubeIDE/plugins/com.st.stm32cube.ide.mcu.externaltools.gnu-tools-for-stm32.11.3.rel1.win32_1.1.100.202309141235/tools/bin/../lib/gcc/arm-none-eabi/11.3.1/../../../../arm-none-eabi/lib/thumb/v7e-m+fp/hard\libc_nano.a(libc_a-memset.o)
                0x0000000008004db6                memset
 *fill*         0x0000000008004dc6        0x2 
 .text.__libc_init_array
                0x0000000008004dc8       0x48 C:/ST/STM32CubeIDE_1.14.0/STM32CubeIDE/plugins/com.st.stm32cube.ide.mcu.externaltools.gnu-tools-for-stm32.11.3.rel1.win32_1.1.100.202309141235/tools/bin/../lib/gcc/arm-none-eabi/11.3.1/../../../../arm-none-eabi/lib/thumb/v7e-m+fp/hard\libc_nano.a(libc_a-init.o)
                0x0000000008004dc8                __libc_init_array
 *(.glue_7)
 .glue_7        0x0000000008004e10        0x0 linker stubs
 *(.glue_7t)
 .glue_7t       0x0000000008004e10        0x0 linker stubs
 *(.eh_frame)
 .eh_frame      0x0000000008004e10        0x0 C:/ST/STM32CubeIDE_1.14.0/STM32CubeIDE/plugins/com.st.stm32cube.ide.mcu.externaltools.gnu-tools-for-stm32.11.3.rel1.win32_1.1.100.202309141235/tools/bin/../lib/gcc/arm-none-eabi/11.3.1/thumb/v7e-m+fp/hard/crtbegin.o
 *(.init)
 .init          0x0000000008004e10        0x4 C:/ST/STM32CubeIDE_1.14.0/STM32CubeIDE/plugins/com.st.stm32cube.ide.mcu.externaltools.gnu-tools-for-stm32.11.3.rel1.win32_1.1.100.202309141235/tools/bin/../lib/gcc/arm-none-eabi/11.3.1/thumb/v7e-m+fp/hard/crti.o
                0x0000000008004e10                _init
 .init          0x0000000008004e14        0x8 C:/ST/STM32CubeIDE_1.14.0/STM32CubeIDE/plugins/com.st.stm32cube.ide.mcu.externaltools.gnu-tools-for-stm32.11.3.rel1.win32_1.1.100.202309141235/tools/bin/../lib/gcc/arm-none-eabi/11.3.1/thumb/v7e-m+fp/hard/crtn.o
 *(.fini)
 .fini          0x0000000008004e1c        0x4 C:/ST/STM32CubeIDE_1.14.0/STM32CubeIDE/plugins/com.st.stm32cube.ide.mcu.externaltools.gnu-tools-for-stm32.11.3.rel1.win32_1.1.100.202309141235/tools/bin/../lib/gcc/arm-none-eabi/11.3.1/thumb/v7e-m+fp/hard/crti.o
                0x0000000008004e1c                _fini
 .fini          0x0000000008004e20        0x8 C:/ST/STM32CubeIDE_1.14.0/STM32CubeIDE/plugins/com.st.stm32cube.ide.mcu.externaltools.gnu-tools-for-stm32.11.3.rel1.win32_1.1.100.202309141235/tools/bin/../lib/gcc/arm-none-eabi/11.3.1/thumb/v7e-m+fp/hard/crtn.o
                0x0000000008004e28                . = ALIGN (0x4)
                0x0000000008004e28                _etext = .

.vfp11_veneer   0x0000000008004e28        0x0
 .vfp11_veneer  0x0000000008004e28        0x0 linker stubs

.v4_bx          0x0000000008004e28        0x0
 .v4_bx         0x0000000008004e28        0x0 linker stubs

.iplt           0x0000000008004e28        0x0
 .iplt          0x0000000008004e28        0x0 C:/ST/STM32CubeIDE_1.14.0/STM32CubeIDE/plugins/com.st.stm32cube.ide.mcu.externaltools.gnu-tools-for-stm32.11.3.rel1.win32_1.1.100.202309141235/tools/bin/../lib/gcc/arm-none-eabi/11.3.1/thumb/v7e-m+fp/hard/crtbegin.o

.rodata         0x0000000008004e28       0x68
                0x0000000008004e28                . = ALIGN (0x4)
 *(.rodata)
 .rodata        0x0000000008004e28       0x46 ./Core/Src/my_app/display/display.o
 *(.rodata*)
 *fill*         0x0000000008004e6e        0x2 
 .rodata.AHBPrescTable
                0x0000000008004e70       0x10 ./Core/Src/system_stm32f4xx.o
                0x0000000008004e70                AHBPrescTable
 .rodata.APBPrescTable
                0x0000000008004e80        0x8 ./Core/Src/system_stm32f4xx.o
                0x0000000008004e80                APBPrescTable
 .rodata.flagBitshiftOffset.0
                0x0000000008004e88        0x8 ./Drivers/STM32F4xx_HAL_Driver/Src/stm32f4xx_hal_dma.o
                0x0000000008004e90                . = ALIGN (0x4)

.ARM.extab      0x0000000008004e90        0x0
                0x0000000008004e90                . = ALIGN (0x4)
 *(.ARM.extab* .gnu.linkonce.armextab.*)
                0x0000000008004e90                . = ALIGN (0x4)

.ARM            0x0000000008004e90        0x8
                0x0000000008004e90                . = ALIGN (0x4)
                0x0000000008004e90                __exidx_start = .
 *(.ARM.exidx*)
 .ARM.exidx     0x0000000008004e90        0x8 C:/ST/STM32CubeIDE_1.14.0/STM32CubeIDE/plugins/com.st.stm32cube.ide.mcu.externaltools.gnu-tools-for-stm32.11.3.rel1.win32_1.1.100.202309141235/tools/bin/../lib/gcc/arm-none-eabi/11.3.1/thumb/v7e-m+fp/hard\libgcc.a(_udivmoddi4.o)
                0x0000000008004e98                __exidx_end = .
                0x0000000008004e98                . = ALIGN (0x4)

.rel.dyn        0x0000000008004e98        0x0
 .rel.iplt      0x0000000008004e98        0x0 C:/ST/STM32CubeIDE_1.14.0/STM32CubeIDE/plugins/com.st.stm32cube.ide.mcu.externaltools.gnu-tools-for-stm32.11.3.rel1.win32_1.1.100.202309141235/tools/bin/../lib/gcc/arm-none-eabi/11.3.1/thumb/v7e-m+fp/hard/crtbegin.o

.preinit_array  0x0000000008004e98        0x0
                0x0000000008004e98                . = ALIGN (0x4)
                0x0000000008004e98                PROVIDE (__preinit_array_start = .)
 *(.preinit_array*)
                0x0000000008004e98                PROVIDE (__preinit_array_end = .)
                0x0000000008004e98                . = ALIGN (0x4)

.init_array     0x0000000008004e98        0x4
                0x0000000008004e98                . = ALIGN (0x4)
                0x0000000008004e98                PROVIDE (__init_array_start = .)
 *(SORT_BY_NAME(.init_array.*))
 *(.init_array*)
 .init_array    0x0000000008004e98        0x4 C:/ST/STM32CubeIDE_1.14.0/STM32CubeIDE/plugins/com.st.stm32cube.ide.mcu.externaltools.gnu-tools-for-stm32.11.3.rel1.win32_1.1.100.202309141235/tools/bin/../lib/gcc/arm-none-eabi/11.3.1/thumb/v7e-m+fp/hard/crtbegin.o
                0x0000000008004e9c                PROVIDE (__init_array_end = .)
                0x0000000008004e9c                . = ALIGN (0x4)

.fini_array     0x0000000008004e9c        0x4
                0x0000000008004e9c                . = ALIGN (0x4)
                [!provide]                        PROVIDE (__fini_array_start = .)
 *(SORT_BY_NAME(.fini_array.*))
 *(.fini_array*)
 .fini_array    0x0000000008004e9c        0x4 C:/ST/STM32CubeIDE_1.14.0/STM32CubeIDE/plugins/com.st.stm32cube.ide.mcu.externaltools.gnu-tools-for-stm32.11.3.rel1.win32_1.1.100.202309141235/tools/bin/../lib/gcc/arm-none-eabi/11.3.1/thumb/v7e-m+fp/hard/crtbegin.o
                [!provide]                        PROVIDE (__fini_array_end = .)
                0x0000000008004ea0                . = ALIGN (0x4)
                0x0000000008004ea0                _sidata = LOADADDR (.data)

.data           0x0000000020000000        0xc load address 0x0000000008004ea0
                0x0000000020000000                . = ALIGN (0x4)
                0x0000000020000000                _sdata = .
 *(.data)
 *(.data*)
 .data.SystemCoreClock
                0x0000000020000000        0x4 ./Core/Src/system_stm32f4xx.o
                0x0000000020000000                SystemCoreClock
 .data.uwTickPrio
                0x0000000020000004        0x4 ./Drivers/STM32F4xx_HAL_Driver/Src/stm32f4xx_hal.o
                0x0000000020000004                uwTickPrio
 .data.uwTickFreq
                0x0000000020000008        0x1 ./Drivers/STM32F4xx_HAL_Driver/Src/stm32f4xx_hal.o
                0x0000000020000008                uwTickFreq
 *(.RamFunc)
 *(.RamFunc*)
                0x000000002000000c                . = ALIGN (0x4)
 *fill*         0x0000000020000009        0x3 
                0x000000002000000c                _edata = .
                0x0000000008004eac                _siccmram = LOADADDR (.ccmram)

.igot.plt       0x000000002000000c        0x0 load address 0x0000000008004eac
 .igot.plt      0x000000002000000c        0x0 C:/ST/STM32CubeIDE_1.14.0/STM32CubeIDE/plugins/com.st.stm32cube.ide.mcu.externaltools.gnu-tools-for-stm32.11.3.rel1.win32_1.1.100.202309141235/tools/bin/../lib/gcc/arm-none-eabi/11.3.1/thumb/v7e-m+fp/hard/crtbegin.o

.ccmram         0x0000000010000000        0x0 load address 0x0000000008004eac
                0x0000000010000000                . = ALIGN (0x4)
                0x0000000010000000                _sccmram = .
 *(.ccmram)
 *(.ccmram*)
                0x0000000010000000                . = ALIGN (0x4)
                0x0000000010000000                _eccmram = .
                0x0000000010000000                . = ALIGN (0x4)

.bss            0x000000002000000c      0x708
                0x000000002000000c                _sbss = .
                0x000000002000000c                __bss_start__ = _sbss
 *(.bss)
 .bss           0x000000002000000c       0x1c C:/ST/STM32CubeIDE_1.14.0/STM32CubeIDE/plugins/com.st.stm32cube.ide.mcu.externaltools.gnu-tools-for-stm32.11.3.rel1.win32_1.1.100.202309141235/tools/bin/../lib/gcc/arm-none-eabi/11.3.1/thumb/v7e-m+fp/hard/crtbegin.o
 *(.bss*)
 .bss.hadc1     0x0000000020000028       0x48 ./Core/Src/main.o
                0x0000000020000028                hadc1
 .bss.hdma_adc1
                0x0000000020000070       0x60 ./Core/Src/main.o
                0x0000000020000070                hdma_adc1
 .bss.hdac      0x00000000200000d0       0x14 ./Core/Src/main.o
                0x00000000200000d0                hdac
 .bss.hdma_dac1
                0x00000000200000e4       0x60 ./Core/Src/main.o
                0x00000000200000e4                hdma_dac1
 .bss.hi2c1     0x0000000020000144       0x54 ./Core/Src/main.o
                0x0000000020000144                hi2c1
 .bss.htim2     0x0000000020000198       0x48 ./Core/Src/main.o
                0x0000000020000198                htim2
 .bss.huart3    0x00000000200001e0       0x48 ./Core/Src/main.o
                0x00000000200001e0                huart3
 .bss.hpcd_USB_OTG_FS
                0x0000000020000228      0x4e4 ./Core/Src/main.o
                0x0000000020000228                hpcd_USB_OTG_FS
 .bss.g_offset  0x000000002000070c        0x2 ./Core/Src/my_app/current_sensor/current_sensor.o
 .bss.g_f_eoc   0x000000002000070e        0x1 ./Core/Src/my_app/current_sensor/current_sensor.o
 .bss.g_estado  0x000000002000070f        0x1 ./Core/Src/my_app/my_app.o
 .bss.uwTick    0x0000000020000710        0x4 ./Drivers/STM32F4xx_HAL_Driver/Src/stm32f4xx_hal.o
                0x0000000020000710                uwTick
 *(COMMON)
                0x0000000020000714                . = ALIGN (0x4)
                0x0000000020000714                _ebss = .
                0x0000000020000714                __bss_end__ = _ebss

._user_heap_stack
                0x0000000020000714      0x604
                0x0000000020000718                . = ALIGN (0x8)
 *fill*         0x0000000020000714        0x4 
                [!provide]                        PROVIDE (end = .)
                0x0000000020000718                PROVIDE (_end = .)
                0x0000000020000918                . = (. + _Min_Heap_Size)
 *fill*         0x0000000020000718      0x200 
                0x0000000020000d18                . = (. + _Min_Stack_Size)
 *fill*         0x0000000020000918      0x400 
                0x0000000020000d18                . = ALIGN (0x8)

/DISCARD/
 libc.a(*)
 libm.a(*)
 libgcc.a(*)

.ARM.attributes
                0x0000000000000000       0x30
 *(.ARM.attributes)
 .ARM.attributes
                0x0000000000000000       0x1e C:/ST/STM32CubeIDE_1.14.0/STM32CubeIDE/plugins/com.st.stm32cube.ide.mcu.externaltools.gnu-tools-for-stm32.11.3.rel1.win32_1.1.100.202309141235/tools/bin/../lib/gcc/arm-none-eabi/11.3.1/thumb/v7e-m+fp/hard/crti.o
 .ARM.attributes
                0x000000000000001e       0x34 C:/ST/STM32CubeIDE_1.14.0/STM32CubeIDE/plugins/com.st.stm32cube.ide.mcu.externaltools.gnu-tools-for-stm32.11.3.rel1.win32_1.1.100.202309141235/tools/bin/../lib/gcc/arm-none-eabi/11.3.1/thumb/v7e-m+fp/hard/crtbegin.o
 .ARM.attributes
                0x0000000000000052       0x34 ./Core/Src/main.o
 .ARM.attributes
                0x0000000000000086       0x34 ./Core/Src/stm32f4xx_hal_msp.o
 .ARM.attributes
                0x00000000000000ba       0x34 ./Core/Src/stm32f4xx_it.o
 .ARM.attributes
                0x00000000000000ee       0x34 ./Core/Src/system_stm32f4xx.o
 .ARM.attributes
                0x0000000000000122       0x34 ./Core/Src/my_app/current_sensor/current_sensor.o
 .ARM.attributes
                0x0000000000000156       0x34 ./Core/Src/my_app/display/display.o
 .ARM.attributes
                0x000000000000018a       0x34 ./Core/Src/my_app/display/display_driver/LCDI2C.o
 .ARM.attributes
                0x00000000000001be       0x34 ./Core/Src/my_app/inject_simulator/inject_simulator.o
 .ARM.attributes
                0x00000000000001f2       0x34 ./Core/Src/my_app/my_app.o
 .ARM.attributes
                0x0000000000000226       0x34 ./Core/Src/my_app/signal_analyzer/signal_analyzer.o
 .ARM.attributes
                0x000000000000025a       0x34 ./Core/Src/my_app/timer_api/timer_api.o
 .ARM.attributes
                0x000000000000028e       0x34 ./Core/Src/my_app/zero_cross/zero_cross.o
 .ARM.attributes
                0x00000000000002c2       0x21 ./Core/Startup/startup_stm32f429zitx.o
 .ARM.attributes
                0x00000000000002e3       0x34 ./Drivers/STM32F4xx_HAL_Driver/Src/stm32f4xx_hal.o
 .ARM.attributes
                0x0000000000000317       0x34 ./Drivers/STM32F4xx_HAL_Driver/Src/stm32f4xx_hal_adc.o
 .ARM.attributes
                0x000000000000034b       0x34 ./Drivers/STM32F4xx_HAL_Driver/Src/stm32f4xx_hal_cortex.o
 .ARM.attributes
                0x000000000000037f       0x34 ./Drivers/STM32F4xx_HAL_Driver/Src/stm32f4xx_hal_dac.o
 .ARM.attributes
                0x00000000000003b3       0x34 ./Drivers/STM32F4xx_HAL_Driver/Src/stm32f4xx_hal_dma.o
 .ARM.attributes
                0x00000000000003e7       0x34 ./Drivers/STM32F4xx_HAL_Driver/Src/stm32f4xx_hal_gpio.o
 .ARM.attributes
                0x000000000000041b       0x34 ./Drivers/STM32F4xx_HAL_Driver/Src/stm32f4xx_hal_i2c.o
 .ARM.attributes
                0x000000000000044f       0x34 ./Drivers/STM32F4xx_HAL_Driver/Src/stm32f4xx_hal_i2c_ex.o
 .ARM.attributes
                0x0000000000000483       0x34 ./Drivers/STM32F4xx_HAL_Driver/Src/stm32f4xx_hal_pcd.o
 .ARM.attributes
                0x00000000000004b7       0x34 ./Drivers/STM32F4xx_HAL_Driver/Src/stm32f4xx_hal_rcc.o
 .ARM.attributes
                0x00000000000004eb       0x34 ./Drivers/STM32F4xx_HAL_Driver/Src/stm32f4xx_hal_tim.o
 .ARM.attributes
                0x000000000000051f       0x34 ./Drivers/STM32F4xx_HAL_Driver/Src/stm32f4xx_hal_tim_ex.o
 .ARM.attributes
                0x0000000000000553       0x34 ./Drivers/STM32F4xx_HAL_Driver/Src/stm32f4xx_hal_uart.o
 .ARM.attributes
                0x0000000000000587       0x34 ./Drivers/STM32F4xx_HAL_Driver/Src/stm32f4xx_ll_usb.o
 .ARM.attributes
                0x00000000000005bb       0x34 C:/ST/STM32CubeIDE_1.14.0/STM32CubeIDE/plugins/com.st.stm32cube.ide.mcu.externaltools.gnu-tools-for-stm32.11.3.rel1.win32_1.1.100.202309141235/tools/bin/../lib/gcc/arm-none-eabi/11.3.1/../../../../arm-none-eabi/lib/thumb/v7e-m+fp/hard\libc_nano.a(libc_a-memset.o)
 .ARM.attributes
                0x00000000000005ef       0x34 C:/ST/STM32CubeIDE_1.14.0/STM32CubeIDE/plugins/com.st.stm32cube.ide.mcu.externaltools.gnu-tools-for-stm32.11.3.rel1.win32_1.1.100.202309141235/tools/bin/../lib/gcc/arm-none-eabi/11.3.1/../../../../arm-none-eabi/lib/thumb/v7e-m+fp/hard\libc_nano.a(libc_a-init.o)
 .ARM.attributes
                0x0000000000000623       0x1e C:/ST/STM32CubeIDE_1.14.0/STM32CubeIDE/plugins/com.st.stm32cube.ide.mcu.externaltools.gnu-tools-for-stm32.11.3.rel1.win32_1.1.100.202309141235/tools/bin/../lib/gcc/arm-none-eabi/11.3.1/thumb/v7e-m+fp/hard\libgcc.a(_aeabi_uldivmod.o)
 .ARM.attributes
                0x0000000000000641       0x34 C:/ST/STM32CubeIDE_1.14.0/STM32CubeIDE/plugins/com.st.stm32cube.ide.mcu.externaltools.gnu-tools-for-stm32.11.3.rel1.win32_1.1.100.202309141235/tools/bin/../lib/gcc/arm-none-eabi/11.3.1/thumb/v7e-m+fp/hard\libgcc.a(_udivmoddi4.o)
 .ARM.attributes
                0x0000000000000675       0x1e C:/ST/STM32CubeIDE_1.14.0/STM32CubeIDE/plugins/com.st.stm32cube.ide.mcu.externaltools.gnu-tools-for-stm32.11.3.rel1.win32_1.1.100.202309141235/tools/bin/../lib/gcc/arm-none-eabi/11.3.1/thumb/v7e-m+fp/hard\libgcc.a(_dvmd_tls.o)
 .ARM.attributes
                0x0000000000000693       0x1e C:/ST/STM32CubeIDE_1.14.0/STM32CubeIDE/plugins/com.st.stm32cube.ide.mcu.externaltools.gnu-tools-for-stm32.11.3.rel1.win32_1.1.100.202309141235/tools/bin/../lib/gcc/arm-none-eabi/11.3.1/thumb/v7e-m+fp/hard/crtn.o
OUTPUT(filtro_activo_armonicos_corriente.elf elf32-littlearm)
LOAD linker stubs
LOAD C:/ST/STM32CubeIDE_1.14.0/STM32CubeIDE/plugins/com.st.stm32cube.ide.mcu.externaltools.gnu-tools-for-stm32.11.3.rel1.win32_1.1.100.202309141235/tools/bin/../lib/gcc/arm-none-eabi/11.3.1/../../../../arm-none-eabi/lib/thumb/v7e-m+fp/hard\libc.a
LOAD C:/ST/STM32CubeIDE_1.14.0/STM32CubeIDE/plugins/com.st.stm32cube.ide.mcu.externaltools.gnu-tools-for-stm32.11.3.rel1.win32_1.1.100.202309141235/tools/bin/../lib/gcc/arm-none-eabi/11.3.1/../../../../arm-none-eabi/lib/thumb/v7e-m+fp/hard\libm.a
LOAD C:/ST/STM32CubeIDE_1.14.0/STM32CubeIDE/plugins/com.st.stm32cube.ide.mcu.externaltools.gnu-tools-for-stm32.11.3.rel1.win32_1.1.100.202309141235/tools/bin/../lib/gcc/arm-none-eabi/11.3.1/thumb/v7e-m+fp/hard\libgcc.a

.comment        0x0000000000000000       0x43
 .comment       0x0000000000000000       0x43 C:/ST/STM32CubeIDE_1.14.0/STM32CubeIDE/plugins/com.st.stm32cube.ide.mcu.externaltools.gnu-tools-for-stm32.11.3.rel1.win32_1.1.100.202309141235/tools/bin/../lib/gcc/arm-none-eabi/11.3.1/thumb/v7e-m+fp/hard/crtbegin.o
                                         0x44 (size before relaxing)
 .comment       0x0000000000000043       0x44 ./Core/Src/main.o
 .comment       0x0000000000000043       0x44 ./Core/Src/stm32f4xx_hal_msp.o
 .comment       0x0000000000000043       0x44 ./Core/Src/stm32f4xx_it.o
 .comment       0x0000000000000043       0x44 ./Core/Src/system_stm32f4xx.o
 .comment       0x0000000000000043       0x44 ./Core/Src/my_app/current_sensor/current_sensor.o
 .comment       0x0000000000000043       0x44 ./Core/Src/my_app/display/display.o
 .comment       0x0000000000000043       0x44 ./Core/Src/my_app/display/display_driver/LCDI2C.o
 .comment       0x0000000000000043       0x44 ./Core/Src/my_app/inject_simulator/inject_simulator.o
 .comment       0x0000000000000043       0x44 ./Core/Src/my_app/my_app.o
 .comment       0x0000000000000043       0x44 ./Core/Src/my_app/signal_analyzer/signal_analyzer.o
 .comment       0x0000000000000043       0x44 ./Core/Src/my_app/timer_api/timer_api.o
 .comment       0x0000000000000043       0x44 ./Core/Src/my_app/zero_cross/zero_cross.o
 .comment       0x0000000000000043       0x44 ./Drivers/STM32F4xx_HAL_Driver/Src/stm32f4xx_hal.o
 .comment       0x0000000000000043       0x44 ./Drivers/STM32F4xx_HAL_Driver/Src/stm32f4xx_hal_adc.o
 .comment       0x0000000000000043       0x44 ./Drivers/STM32F4xx_HAL_Driver/Src/stm32f4xx_hal_cortex.o
 .comment       0x0000000000000043       0x44 ./Drivers/STM32F4xx_HAL_Driver/Src/stm32f4xx_hal_dac.o
 .comment       0x0000000000000043       0x44 ./Drivers/STM32F4xx_HAL_Driver/Src/stm32f4xx_hal_dma.o
 .comment       0x0000000000000043       0x44 ./Drivers/STM32F4xx_HAL_Driver/Src/stm32f4xx_hal_gpio.o
 .comment       0x0000000000000043       0x44 ./Drivers/STM32F4xx_HAL_Driver/Src/stm32f4xx_hal_i2c.o
 .comment       0x0000000000000043       0x44 ./Drivers/STM32F4xx_HAL_Driver/Src/stm32f4xx_hal_i2c_ex.o
 .comment       0x0000000000000043       0x44 ./Drivers/STM32F4xx_HAL_Driver/Src/stm32f4xx_hal_pcd.o
 .comment       0x0000000000000043       0x44 ./Drivers/STM32F4xx_HAL_Driver/Src/stm32f4xx_hal_rcc.o
 .comment       0x0000000000000043       0x44 ./Drivers/STM32F4xx_HAL_Driver/Src/stm32f4xx_hal_tim.o
 .comment       0x0000000000000043       0x44 ./Drivers/STM32F4xx_HAL_Driver/Src/stm32f4xx_hal_tim_ex.o
 .comment       0x0000000000000043       0x44 ./Drivers/STM32F4xx_HAL_Driver/Src/stm32f4xx_hal_uart.o
 .comment       0x0000000000000043       0x44 ./Drivers/STM32F4xx_HAL_Driver/Src/stm32f4xx_ll_usb.o

.debug_info     0x0000000000000000    0x160fd
 .debug_info    0x0000000000000000     0x209e ./Core/Src/main.o
 .debug_info    0x000000000000209e     0x1a71 ./Core/Src/stm32f4xx_hal_msp.o
 .debug_info    0x0000000000003b0f      0x3c1 ./Core/Src/stm32f4xx_it.o
 .debug_info    0x0000000000003ed0      0x52e ./Core/Src/system_stm32f4xx.o
 .debug_info    0x00000000000043fe      0x2a0 ./Core/Src/my_app/current_sensor/current_sensor.o
 .debug_info    0x000000000000469e      0x127 ./Core/Src/my_app/display/display.o
 .debug_info    0x00000000000047c5      0x78e ./Core/Src/my_app/display/display_driver/LCDI2C.o
 .debug_info    0x0000000000004f53       0x3d ./Core/Src/my_app/inject_simulator/inject_simulator.o
 .debug_info    0x0000000000004f90      0x185 ./Core/Src/my_app/my_app.o
 .debug_info    0x0000000000005115       0x3d ./Core/Src/my_app/signal_analyzer/signal_analyzer.o
 .debug_info    0x0000000000005152      0x148 ./Core/Src/my_app/timer_api/timer_api.o
 .debug_info    0x000000000000529a       0x3d ./Core/Src/my_app/zero_cross/zero_cross.o
 .debug_info    0x00000000000052d7       0x23 ./Core/Startup/startup_stm32f429zitx.o
 .debug_info    0x00000000000052fa      0x9ba ./Drivers/STM32F4xx_HAL_Driver/Src/stm32f4xx_hal.o
 .debug_info    0x0000000000005cb4      0xcd4 ./Drivers/STM32F4xx_HAL_Driver/Src/stm32f4xx_hal_adc.o
 .debug_info    0x0000000000006988      0xd8d ./Drivers/STM32F4xx_HAL_Driver/Src/stm32f4xx_hal_cortex.o
 .debug_info    0x0000000000007715      0xa01 ./Drivers/STM32F4xx_HAL_Driver/Src/stm32f4xx_hal_dac.o
 .debug_info    0x0000000000008116      0x8e7 ./Drivers/STM32F4xx_HAL_Driver/Src/stm32f4xx_hal_dma.o
 .debug_info    0x00000000000089fd      0x6db ./Drivers/STM32F4xx_HAL_Driver/Src/stm32f4xx_hal_gpio.o
 .debug_info    0x00000000000090d8     0x2421 ./Drivers/STM32F4xx_HAL_Driver/Src/stm32f4xx_hal_i2c.o
 .debug_info    0x000000000000b4f9      0x672 ./Drivers/STM32F4xx_HAL_Driver/Src/stm32f4xx_hal_i2c_ex.o
 .debug_info    0x000000000000bb6b     0x156f ./Drivers/STM32F4xx_HAL_Driver/Src/stm32f4xx_hal_pcd.o
 .debug_info    0x000000000000d0da      0x8c9 ./Drivers/STM32F4xx_HAL_Driver/Src/stm32f4xx_hal_rcc.o
 .debug_info    0x000000000000d9a3     0x299d ./Drivers/STM32F4xx_HAL_Driver/Src/stm32f4xx_hal_tim.o
 .debug_info    0x0000000000010340     0x14db ./Drivers/STM32F4xx_HAL_Driver/Src/stm32f4xx_hal_tim_ex.o
 .debug_info    0x000000000001181b     0x2f4f ./Drivers/STM32F4xx_HAL_Driver/Src/stm32f4xx_hal_uart.o
 .debug_info    0x000000000001476a     0x1993 ./Drivers/STM32F4xx_HAL_Driver/Src/stm32f4xx_ll_usb.o

.debug_abbrev   0x0000000000000000     0x3089
 .debug_abbrev  0x0000000000000000      0x31f ./Core/Src/main.o
 .debug_abbrev  0x000000000000031f      0x2a1 ./Core/Src/stm32f4xx_hal_msp.o
 .debug_abbrev  0x00000000000005c0      0x16b ./Core/Src/stm32f4xx_it.o
 .debug_abbrev  0x000000000000072b      0x11a ./Core/Src/system_stm32f4xx.o
 .debug_abbrev  0x0000000000000845      0x152 ./Core/Src/my_app/current_sensor/current_sensor.o
 .debug_abbrev  0x0000000000000997       0xe0 ./Core/Src/my_app/display/display.o
 .debug_abbrev  0x0000000000000a77      0x1eb ./Core/Src/my_app/display/display_driver/LCDI2C.o
 .debug_abbrev  0x0000000000000c62       0x2d ./Core/Src/my_app/inject_simulator/inject_simulator.o
 .debug_abbrev  0x0000000000000c8f       0xd2 ./Core/Src/my_app/my_app.o
 .debug_abbrev  0x0000000000000d61       0x2d ./Core/Src/my_app/signal_analyzer/signal_analyzer.o
 .debug_abbrev  0x0000000000000d8e       0xcd ./Core/Src/my_app/timer_api/timer_api.o
 .debug_abbrev  0x0000000000000e5b       0x2d ./Core/Src/my_app/zero_cross/zero_cross.o
 .debug_abbrev  0x0000000000000e88       0x12 ./Core/Startup/startup_stm32f429zitx.o
 .debug_abbrev  0x0000000000000e9a      0x214 ./Drivers/STM32F4xx_HAL_Driver/Src/stm32f4xx_hal.o
 .debug_abbrev  0x00000000000010ae      0x252 ./Drivers/STM32F4xx_HAL_Driver/Src/stm32f4xx_hal_adc.o
 .debug_abbrev  0x0000000000001300      0x328 ./Drivers/STM32F4xx_HAL_Driver/Src/stm32f4xx_hal_cortex.o
 .debug_abbrev  0x0000000000001628      0x1fa ./Drivers/STM32F4xx_HAL_Driver/Src/stm32f4xx_hal_dac.o
 .debug_abbrev  0x0000000000001822      0x264 ./Drivers/STM32F4xx_HAL_Driver/Src/stm32f4xx_hal_dma.o
 .debug_abbrev  0x0000000000001a86      0x1d4 ./Drivers/STM32F4xx_HAL_Driver/Src/stm32f4xx_hal_gpio.o
 .debug_abbrev  0x0000000000001c5a      0x2ad ./Drivers/STM32F4xx_HAL_Driver/Src/stm32f4xx_hal_i2c.o
 .debug_abbrev  0x0000000000001f07      0x157 ./Drivers/STM32F4xx_HAL_Driver/Src/stm32f4xx_hal_i2c_ex.o
 .debug_abbrev  0x000000000000205e      0x2b9 ./Drivers/STM32F4xx_HAL_Driver/Src/stm32f4xx_hal_pcd.o
 .debug_abbrev  0x0000000000002317      0x2b6 ./Drivers/STM32F4xx_HAL_Driver/Src/stm32f4xx_hal_rcc.o
 .debug_abbrev  0x00000000000025cd      0x278 ./Drivers/STM32F4xx_HAL_Driver/Src/stm32f4xx_hal_tim.o
 .debug_abbrev  0x0000000000002845      0x283 ./Drivers/STM32F4xx_HAL_Driver/Src/stm32f4xx_hal_tim_ex.o
 .debug_abbrev  0x0000000000002ac8      0x30e ./Drivers/STM32F4xx_HAL_Driver/Src/stm32f4xx_hal_uart.o
 .debug_abbrev  0x0000000000002dd6      0x2b3 ./Drivers/STM32F4xx_HAL_Driver/Src/stm32f4xx_ll_usb.o

.debug_aranges  0x0000000000000000     0x1550
 .debug_aranges
                0x0000000000000000       0x70 ./Core/Src/main.o
 .debug_aranges
                0x0000000000000070       0x80 ./Core/Src/stm32f4xx_hal_msp.o
 .debug_aranges
                0x00000000000000f0       0x70 ./Core/Src/stm32f4xx_it.o
 .debug_aranges
                0x0000000000000160       0x28 ./Core/Src/system_stm32f4xx.o
 .debug_aranges
                0x0000000000000188       0x48 ./Core/Src/my_app/current_sensor/current_sensor.o
 .debug_aranges
                0x00000000000001d0       0x28 ./Core/Src/my_app/display/display.o
 .debug_aranges
                0x00000000000001f8       0x48 ./Core/Src/my_app/display/display_driver/LCDI2C.o
 .debug_aranges
                0x0000000000000240       0x20 ./Core/Src/my_app/inject_simulator/inject_simulator.o
 .debug_aranges
                0x0000000000000260       0x28 ./Core/Src/my_app/my_app.o
 .debug_aranges
                0x0000000000000288       0x20 ./Core/Src/my_app/signal_analyzer/signal_analyzer.o
 .debug_aranges
                0x00000000000002a8       0x30 ./Core/Src/my_app/timer_api/timer_api.o
 .debug_aranges
                0x00000000000002d8       0x20 ./Core/Src/my_app/zero_cross/zero_cross.o
 .debug_aranges
                0x00000000000002f8       0x28 ./Core/Startup/startup_stm32f429zitx.o
 .debug_aranges
                0x0000000000000320      0x100 ./Drivers/STM32F4xx_HAL_Driver/Src/stm32f4xx_hal.o
 .debug_aranges
                0x0000000000000420       0xe8 ./Drivers/STM32F4xx_HAL_Driver/Src/stm32f4xx_hal_adc.o
 .debug_aranges
                0x0000000000000508      0x120 ./Drivers/STM32F4xx_HAL_Driver/Src/stm32f4xx_hal_cortex.o
 .debug_aranges
                0x0000000000000628       0xc0 ./Drivers/STM32F4xx_HAL_Driver/Src/stm32f4xx_hal_dac.o
 .debug_aranges
                0x00000000000006e8       0x90 ./Drivers/STM32F4xx_HAL_Driver/Src/stm32f4xx_hal_dma.o
 .debug_aranges
                0x0000000000000778       0x58 ./Drivers/STM32F4xx_HAL_Driver/Src/stm32f4xx_hal_gpio.o
 .debug_aranges
                0x00000000000007d0      0x2a8 ./Drivers/STM32F4xx_HAL_Driver/Src/stm32f4xx_hal_i2c.o
 .debug_aranges
                0x0000000000000a78       0x28 ./Drivers/STM32F4xx_HAL_Driver/Src/stm32f4xx_hal_i2c_ex.o
 .debug_aranges
                0x0000000000000aa0      0x148 ./Drivers/STM32F4xx_HAL_Driver/Src/stm32f4xx_hal_pcd.o
 .debug_aranges
                0x0000000000000be8       0x88 ./Drivers/STM32F4xx_HAL_Driver/Src/stm32f4xx_hal_rcc.o
 .debug_aranges
                0x0000000000000c70      0x3d0 ./Drivers/STM32F4xx_HAL_Driver/Src/stm32f4xx_hal_tim.o
 .debug_aranges
                0x0000000000001040      0x168 ./Drivers/STM32F4xx_HAL_Driver/Src/stm32f4xx_hal_tim_ex.o
 .debug_aranges
                0x00000000000011a8      0x208 ./Drivers/STM32F4xx_HAL_Driver/Src/stm32f4xx_hal_uart.o
 .debug_aranges
                0x00000000000013b0      0x1a0 ./Drivers/STM32F4xx_HAL_Driver/Src/stm32f4xx_ll_usb.o

.debug_rnglists
                0x0000000000000000     0x109d
 .debug_rnglists
                0x0000000000000000       0x54 ./Core/Src/main.o
 .debug_rnglists
                0x0000000000000054       0x60 ./Core/Src/stm32f4xx_hal_msp.o
 .debug_rnglists
                0x00000000000000b4       0x4f ./Core/Src/stm32f4xx_it.o
 .debug_rnglists
                0x0000000000000103       0x1a ./Core/Src/system_stm32f4xx.o
 .debug_rnglists
                0x000000000000011d       0x32 ./Core/Src/my_app/current_sensor/current_sensor.o
 .debug_rnglists
                0x000000000000014f       0x19 ./Core/Src/my_app/display/display.o
 .debug_rnglists
                0x0000000000000168       0x31 ./Core/Src/my_app/display/display_driver/LCDI2C.o
 .debug_rnglists
                0x0000000000000199       0x13 ./Core/Src/my_app/inject_simulator/inject_simulator.o
 .debug_rnglists
                0x00000000000001ac       0x19 ./Core/Src/my_app/my_app.o
 .debug_rnglists
                0x00000000000001c5       0x13 ./Core/Src/my_app/signal_analyzer/signal_analyzer.o
 .debug_rnglists
                0x00000000000001d8       0x1f ./Core/Src/my_app/timer_api/timer_api.o
 .debug_rnglists
                0x00000000000001f7       0x13 ./Core/Src/my_app/zero_cross/zero_cross.o
 .debug_rnglists
                0x000000000000020a       0x19 ./Core/Startup/startup_stm32f429zitx.o
 .debug_rnglists
                0x0000000000000223       0xbb ./Drivers/STM32F4xx_HAL_Driver/Src/stm32f4xx_hal.o
 .debug_rnglists
                0x00000000000002de       0xb5 ./Drivers/STM32F4xx_HAL_Driver/Src/stm32f4xx_hal_adc.o
 .debug_rnglists
                0x0000000000000393       0xd4 ./Drivers/STM32F4xx_HAL_Driver/Src/stm32f4xx_hal_cortex.o
 .debug_rnglists
                0x0000000000000467       0x90 ./Drivers/STM32F4xx_HAL_Driver/Src/stm32f4xx_hal_dac.o
 .debug_rnglists
                0x00000000000004f7       0x70 ./Drivers/STM32F4xx_HAL_Driver/Src/stm32f4xx_hal_dma.o
 .debug_rnglists
                0x0000000000000567       0x3f ./Drivers/STM32F4xx_HAL_Driver/Src/stm32f4xx_hal_gpio.o
 .debug_rnglists
                0x00000000000005a6      0x23c ./Drivers/STM32F4xx_HAL_Driver/Src/stm32f4xx_hal_i2c.o
 .debug_rnglists
                0x00000000000007e2       0x19 ./Drivers/STM32F4xx_HAL_Driver/Src/stm32f4xx_hal_i2c_ex.o
 .debug_rnglists
                0x00000000000007fb       0xfa ./Drivers/STM32F4xx_HAL_Driver/Src/stm32f4xx_hal_pcd.o
 .debug_rnglists
                0x00000000000008f5       0x66 ./Drivers/STM32F4xx_HAL_Driver/Src/stm32f4xx_hal_rcc.o
 .debug_rnglists
                0x000000000000095b      0x31a ./Drivers/STM32F4xx_HAL_Driver/Src/stm32f4xx_hal_tim.o
 .debug_rnglists
                0x0000000000000c75      0x125 ./Drivers/STM32F4xx_HAL_Driver/Src/stm32f4xx_hal_tim_ex.o
 .debug_rnglists
                0x0000000000000d9a      0x1bc ./Drivers/STM32F4xx_HAL_Driver/Src/stm32f4xx_hal_uart.o
 .debug_rnglists
                0x0000000000000f56      0x147 ./Drivers/STM32F4xx_HAL_Driver/Src/stm32f4xx_ll_usb.o

.debug_macro    0x0000000000000000    0x262b0
 .debug_macro   0x0000000000000000      0x260 ./Core/Src/main.o
 .debug_macro   0x0000000000000260      0xaa8 ./Core/Src/main.o
 .debug_macro   0x0000000000000d08      0x2b3 ./Core/Src/main.o
 .debug_macro   0x0000000000000fbb       0x2e ./Core/Src/main.o
 .debug_macro   0x0000000000000fe9       0x28 ./Core/Src/main.o
 .debug_macro   0x0000000000001011       0x22 ./Core/Src/main.o
 .debug_macro   0x0000000000001033       0x8e ./Core/Src/main.o
 .debug_macro   0x00000000000010c1       0x51 ./Core/Src/main.o
 .debug_macro   0x0000000000001112      0x103 ./Core/Src/main.o
 .debug_macro   0x0000000000001215       0x6a ./Core/Src/main.o
 .debug_macro   0x000000000000127f      0x1df ./Core/Src/main.o
 .debug_macro   0x000000000000145e       0x1c ./Core/Src/main.o
 .debug_macro   0x000000000000147a       0x22 ./Core/Src/main.o
 .debug_macro   0x000000000000149c       0xfb ./Core/Src/main.o
 .debug_macro   0x0000000000001597     0x1011 ./Core/Src/main.o
 .debug_macro   0x00000000000025a8      0x11f ./Core/Src/main.o
 .debug_macro   0x00000000000026c7    0x17fd8 ./Core/Src/main.o
 .debug_macro   0x000000000001a69f       0x6d ./Core/Src/main.o
 .debug_macro   0x000000000001a70c     0x3703 ./Core/Src/main.o
 .debug_macro   0x000000000001de0f      0x174 ./Core/Src/main.o
 .debug_macro   0x000000000001df83       0x5c ./Core/Src/main.o
 .debug_macro   0x000000000001dfdf      0xcba ./Core/Src/main.o
 .debug_macro   0x000000000001ec99      0x9e9 ./Core/Src/main.o
 .debug_macro   0x000000000001f682      0x115 ./Core/Src/main.o
 .debug_macro   0x000000000001f797      0x156 ./Core/Src/main.o
 .debug_macro   0x000000000001f8ed       0xa5 ./Core/Src/main.o
 .debug_macro   0x000000000001f992      0x182 ./Core/Src/main.o
 .debug_macro   0x000000000001fb14      0x287 ./Core/Src/main.o
 .debug_macro   0x000000000001fd9b       0x5f ./Core/Src/main.o
 .debug_macro   0x000000000001fdfa      0x236 ./Core/Src/main.o
 .debug_macro   0x0000000000020030      0xb54 ./Core/Src/main.o
 .debug_macro   0x0000000000020b84      0x38b ./Core/Src/main.o
 .debug_macro   0x0000000000020f0f      0x184 ./Core/Src/main.o
 .debug_macro   0x0000000000021093       0xf9 ./Core/Src/main.o
 .debug_macro   0x000000000002118c      0x122 ./Core/Src/main.o
 .debug_macro   0x00000000000212ae       0xa6 ./Core/Src/main.o
 .debug_macro   0x0000000000021354      0x132 ./Core/Src/main.o
 .debug_macro   0x0000000000021486      0x41d ./Core/Src/main.o
 .debug_macro   0x00000000000218a3       0x2e ./Core/Src/main.o
 .debug_macro   0x00000000000218d1      0x1b5 ./Core/Src/main.o
 .debug_macro   0x0000000000021a86       0x22 ./Core/Src/main.o
 .debug_macro   0x0000000000021aa8       0xd6 ./Core/Src/main.o
 .debug_macro   0x0000000000021b7e      0x127 ./Core/Src/main.o
 .debug_macro   0x0000000000021ca5       0xe2 ./Core/Src/main.o
 .debug_macro   0x0000000000021d87       0x89 ./Core/Src/main.o
 .debug_macro   0x0000000000021e10      0x8ed ./Core/Src/main.o
 .debug_macro   0x00000000000226fd       0x4d ./Core/Src/main.o
 .debug_macro   0x000000000002274a      0x2aa ./Core/Src/main.o
 .debug_macro   0x00000000000229f4      0x293 ./Core/Src/main.o
 .debug_macro   0x0000000000022c87       0xba ./Core/Src/main.o
 .debug_macro   0x0000000000022d41      0x134 ./Core/Src/main.o
 .debug_macro   0x0000000000022e75      0x154 ./Core/Src/main.o
 .debug_macro   0x0000000000022fc9      0x256 ./Core/Src/stm32f4xx_hal_msp.o
 .debug_macro   0x000000000002321f      0x260 ./Core/Src/stm32f4xx_it.o
 .debug_macro   0x000000000002347f      0x247 ./Core/Src/system_stm32f4xx.o
 .debug_macro   0x00000000000236c6      0x280 ./Core/Src/my_app/current_sensor/current_sensor.o
 .debug_macro   0x0000000000023946       0x22 ./Core/Src/my_app/current_sensor/current_sensor.o
 .debug_macro   0x0000000000023968       0x1c ./Core/Src/my_app/current_sensor/current_sensor.o
 .debug_macro   0x0000000000023984      0x273 ./Core/Src/my_app/display/display.o
 .debug_macro   0x0000000000023bf7      0x266 ./Core/Src/my_app/display/display_driver/LCDI2C.o
 .debug_macro   0x0000000000023e5d       0x1b ./Core/Src/my_app/inject_simulator/inject_simulator.o
 .debug_macro   0x0000000000023e78      0x29a ./Core/Src/my_app/my_app.o
 .debug_macro   0x0000000000024112       0x22 ./Core/Src/my_app/my_app.o
 .debug_macro   0x0000000000024134       0x1b ./Core/Src/my_app/signal_analyzer/signal_analyzer.o
 .debug_macro   0x000000000002414f       0x76 ./Core/Src/my_app/timer_api/timer_api.o
 .debug_macro   0x00000000000241c5       0x1b ./Core/Src/my_app/zero_cross/zero_cross.o
 .debug_macro   0x00000000000241e0      0x2a7 ./Drivers/STM32F4xx_HAL_Driver/Src/stm32f4xx_hal.o
 .debug_macro   0x0000000000024487      0x248 ./Drivers/STM32F4xx_HAL_Driver/Src/stm32f4xx_hal_adc.o
 .debug_macro   0x00000000000246cf      0x247 ./Drivers/STM32F4xx_HAL_Driver/Src/stm32f4xx_hal_cortex.o
 .debug_macro   0x0000000000024916      0x248 ./Drivers/STM32F4xx_HAL_Driver/Src/stm32f4xx_hal_dac.o
 .debug_macro   0x0000000000024b5e      0x24d ./Drivers/STM32F4xx_HAL_Driver/Src/stm32f4xx_hal_dma.o
 .debug_macro   0x0000000000024dab      0x24d ./Drivers/STM32F4xx_HAL_Driver/Src/stm32f4xx_hal_gpio.o
 .debug_macro   0x0000000000024ff8      0x295 ./Drivers/STM32F4xx_HAL_Driver/Src/stm32f4xx_hal_i2c.o
 .debug_macro   0x000000000002528d      0x247 ./Drivers/STM32F4xx_HAL_Driver/Src/stm32f4xx_hal_i2c_ex.o
 .debug_macro   0x00000000000254d4      0x253 ./Drivers/STM32F4xx_HAL_Driver/Src/stm32f4xx_hal_pcd.o
 .debug_macro   0x0000000000025727      0x26b ./Drivers/STM32F4xx_HAL_Driver/Src/stm32f4xx_hal_rcc.o
 .debug_macro   0x0000000000025992      0x248 ./Drivers/STM32F4xx_HAL_Driver/Src/stm32f4xx_hal_tim.o
 .debug_macro   0x0000000000025bda      0x247 ./Drivers/STM32F4xx_HAL_Driver/Src/stm32f4xx_hal_tim_ex.o
 .debug_macro   0x0000000000025e21      0x248 ./Drivers/STM32F4xx_HAL_Driver/Src/stm32f4xx_hal_uart.o
 .debug_macro   0x0000000000026069      0x247 ./Drivers/STM32F4xx_HAL_Driver/Src/stm32f4xx_ll_usb.o

.debug_line     0x0000000000000000    0x1aca2
 .debug_line    0x0000000000000000      0xb29 ./Core/Src/main.o
 .debug_line    0x0000000000000b29      0xa48 ./Core/Src/stm32f4xx_hal_msp.o
 .debug_line    0x0000000000001571      0x931 ./Core/Src/stm32f4xx_it.o
 .debug_line    0x0000000000001ea2      0x8c0 ./Core/Src/system_stm32f4xx.o
 .debug_line    0x0000000000002762      0x939 ./Core/Src/my_app/current_sensor/current_sensor.o
 .debug_line    0x000000000000309b      0x8c6 ./Core/Src/my_app/display/display.o
 .debug_line    0x0000000000003961      0x943 ./Core/Src/my_app/display/display_driver/LCDI2C.o
 .debug_line    0x00000000000042a4       0x81 ./Core/Src/my_app/inject_simulator/inject_simulator.o
 .debug_line    0x0000000000004325      0x993 ./Core/Src/my_app/my_app.o
 .debug_line    0x0000000000004cb8       0x7e ./Core/Src/my_app/signal_analyzer/signal_analyzer.o
 .debug_line    0x0000000000004d36      0x46b ./Core/Src/my_app/timer_api/timer_api.o
 .debug_line    0x00000000000051a1       0x6f ./Core/Src/my_app/zero_cross/zero_cross.o
 .debug_line    0x0000000000005210       0x7a ./Core/Startup/startup_stm32f429zitx.o
 .debug_line    0x000000000000528a      0xb5c ./Drivers/STM32F4xx_HAL_Driver/Src/stm32f4xx_hal.o
 .debug_line    0x0000000000005de6     0x13ac ./Drivers/STM32F4xx_HAL_Driver/Src/stm32f4xx_hal_adc.o
 .debug_line    0x0000000000007192      0xdf2 ./Drivers/STM32F4xx_HAL_Driver/Src/stm32f4xx_hal_cortex.o
 .debug_line    0x0000000000007f84      0xc9a ./Drivers/STM32F4xx_HAL_Driver/Src/stm32f4xx_hal_dac.o
 .debug_line    0x0000000000008c1e     0x108a ./Drivers/STM32F4xx_HAL_Driver/Src/stm32f4xx_hal_dma.o
 .debug_line    0x0000000000009ca8      0xcc2 ./Drivers/STM32F4xx_HAL_Driver/Src/stm32f4xx_hal_gpio.o
 .debug_line    0x000000000000a96a     0x3b88 ./Drivers/STM32F4xx_HAL_Driver/Src/stm32f4xx_hal_i2c.o
 .debug_line    0x000000000000e4f2      0x8b9 ./Drivers/STM32F4xx_HAL_Driver/Src/stm32f4xx_hal_i2c_ex.o
 .debug_line    0x000000000000edab     0x15b4 ./Drivers/STM32F4xx_HAL_Driver/Src/stm32f4xx_hal_pcd.o
 .debug_line    0x000000000001035f      0xe9f ./Drivers/STM32F4xx_HAL_Driver/Src/stm32f4xx_hal_rcc.o
 .debug_line    0x00000000000111fe     0x38b2 ./Drivers/STM32F4xx_HAL_Driver/Src/stm32f4xx_hal_tim.o
 .debug_line    0x0000000000014ab0     0x1b22 ./Drivers/STM32F4xx_HAL_Driver/Src/stm32f4xx_hal_tim_ex.o
 .debug_line    0x00000000000165d2     0x29e3 ./Drivers/STM32F4xx_HAL_Driver/Src/stm32f4xx_hal_uart.o
 .debug_line    0x0000000000018fb5     0x1ced ./Drivers/STM32F4xx_HAL_Driver/Src/stm32f4xx_ll_usb.o

.debug_str      0x0000000000000000    0xe9c79
 .debug_str     0x0000000000000000    0xe4e0b ./Core/Src/main.o
                                      0xe5221 (size before relaxing)
 .debug_str     0x00000000000e4e0b      0x14f ./Core/Src/stm32f4xx_hal_msp.o
                                      0xe495f (size before relaxing)
 .debug_str     0x00000000000e4f5a      0x10c ./Core/Src/stm32f4xx_it.o
                                      0xe39d1 (size before relaxing)
 .debug_str     0x00000000000e5066       0xdb ./Core/Src/system_stm32f4xx.o
                                      0xe3300 (size before relaxing)
 .debug_str     0x00000000000e5141      0x274 ./Core/Src/my_app/current_sensor/current_sensor.o
                                      0xe38fa (size before relaxing)
 .debug_str     0x00000000000e53b5       0x9b ./Core/Src/my_app/display/display.o
                                      0xe3744 (size before relaxing)
 .debug_str     0x00000000000e5450       0x8d ./Core/Src/my_app/display/display_driver/LCDI2C.o
                                      0xe3c64 (size before relaxing)
 .debug_str     0x00000000000e54dd       0x7e ./Core/Src/my_app/inject_simulator/inject_simulator.o
                                       0x2e46 (size before relaxing)
 .debug_str     0x00000000000e555b      0x140 ./Core/Src/my_app/my_app.o
                                      0xe393f (size before relaxing)
 .debug_str     0x00000000000e569b       0x35 ./Core/Src/my_app/signal_analyzer/signal_analyzer.o
                                       0x2e41 (size before relaxing)
 .debug_str     0x00000000000e56d0       0xc8 ./Core/Src/my_app/timer_api/timer_api.o
                                       0x3e2e (size before relaxing)
 .debug_str     0x00000000000e5798       0x2b ./Core/Src/my_app/zero_cross/zero_cross.o
                                       0x2e28 (size before relaxing)
 .debug_str     0x00000000000e57c3       0x34 ./Core/Startup/startup_stm32f429zitx.o
                                         0x8a (size before relaxing)
 .debug_str     0x00000000000e57f7      0x648 ./Drivers/STM32F4xx_HAL_Driver/Src/stm32f4xx_hal.o
                                      0xe3f23 (size before relaxing)
 .debug_str     0x00000000000e5e3f      0x2bb ./Drivers/STM32F4xx_HAL_Driver/Src/stm32f4xx_hal_adc.o
                                      0xe38da (size before relaxing)
 .debug_str     0x00000000000e60fa      0x347 ./Drivers/STM32F4xx_HAL_Driver/Src/stm32f4xx_hal_cortex.o
                                      0xe3c1f (size before relaxing)
 .debug_str     0x00000000000e6441      0x20c ./Drivers/STM32F4xx_HAL_Driver/Src/stm32f4xx_hal_dac.o
                                      0xe376f (size before relaxing)
 .debug_str     0x00000000000e664d      0x2c7 ./Drivers/STM32F4xx_HAL_Driver/Src/stm32f4xx_hal_dma.o
                                      0xe3707 (size before relaxing)
 .debug_str     0x00000000000e6914      0x121 ./Drivers/STM32F4xx_HAL_Driver/Src/stm32f4xx_hal_gpio.o
                                      0xe347b (size before relaxing)
 .debug_str     0x00000000000e6a35      0xada ./Drivers/STM32F4xx_HAL_Driver/Src/stm32f4xx_hal_i2c.o
                                      0xe4310 (size before relaxing)
 .debug_str     0x00000000000e750f       0x3b ./Drivers/STM32F4xx_HAL_Driver/Src/stm32f4xx_hal_i2c_ex.o
                                      0xe36cf (size before relaxing)
 .debug_str     0x00000000000e754a      0x810 ./Drivers/STM32F4xx_HAL_Driver/Src/stm32f4xx_hal_pcd.o
                                      0xe3dcb (size before relaxing)
 .debug_str     0x00000000000e7d5a      0x1ff ./Drivers/STM32F4xx_HAL_Driver/Src/stm32f4xx_hal_rcc.o
                                      0xe3734 (size before relaxing)
 .debug_str     0x00000000000e7f59      0xde1 ./Drivers/STM32F4xx_HAL_Driver/Src/stm32f4xx_hal_tim.o
                                      0xe4677 (size before relaxing)
 .debug_str     0x00000000000e8d3a      0x493 ./Drivers/STM32F4xx_HAL_Driver/Src/stm32f4xx_hal_tim_ex.o
                                      0xe3e83 (size before relaxing)
 .debug_str     0x00000000000e91cd      0x5fc ./Drivers/STM32F4xx_HAL_Driver/Src/stm32f4xx_hal_uart.o
                                      0xe3d02 (size before relaxing)
 .debug_str     0x00000000000e97c9      0x4b0 ./Drivers/STM32F4xx_HAL_Driver/Src/stm32f4xx_ll_usb.o
                                      0xe3ca6 (size before relaxing)

.debug_frame    0x0000000000000000     0x59e0
 .debug_frame   0x0000000000000000      0x170 ./Core/Src/main.o
 .debug_frame   0x0000000000000170      0x1f0 ./Core/Src/stm32f4xx_hal_msp.o
 .debug_frame   0x0000000000000360      0x13c ./Core/Src/stm32f4xx_it.o
 .debug_frame   0x000000000000049c       0x58 ./Core/Src/system_stm32f4xx.o
 .debug_frame   0x00000000000004f4       0xd8 ./Core/Src/my_app/current_sensor/current_sensor.o
 .debug_frame   0x00000000000005cc       0x50 ./Core/Src/my_app/display/display.o
 .debug_frame   0x000000000000061c       0xe0 ./Core/Src/my_app/display/display_driver/LCDI2C.o
 .debug_frame   0x00000000000006fc       0x30 ./Core/Src/my_app/inject_simulator/inject_simulator.o
 .debug_frame   0x000000000000072c       0x50 ./Core/Src/my_app/my_app.o
 .debug_frame   0x000000000000077c       0x30 ./Core/Src/my_app/signal_analyzer/signal_analyzer.o
 .debug_frame   0x00000000000007ac       0x80 ./Core/Src/my_app/timer_api/timer_api.o
 .debug_frame   0x000000000000082c       0x30 ./Core/Src/my_app/zero_cross/zero_cross.o
 .debug_frame   0x000000000000085c      0x3b4 ./Drivers/STM32F4xx_HAL_Driver/Src/stm32f4xx_hal.o
 .debug_frame   0x0000000000000c10      0x3fc ./Drivers/STM32F4xx_HAL_Driver/Src/stm32f4xx_hal_adc.o
 .debug_frame   0x000000000000100c      0x4b8 ./Drivers/STM32F4xx_HAL_Driver/Src/stm32f4xx_hal_cortex.o
 .debug_frame   0x00000000000014c4      0x338 ./Drivers/STM32F4xx_HAL_Driver/Src/stm32f4xx_hal_dac.o
 .debug_frame   0x00000000000017fc      0x250 ./Drivers/STM32F4xx_HAL_Driver/Src/stm32f4xx_hal_dma.o
 .debug_frame   0x0000000000001a4c      0x14c ./Drivers/STM32F4xx_HAL_Driver/Src/stm32f4xx_hal_gpio.o
 .debug_frame   0x0000000000001b98      0xc84 ./Drivers/STM32F4xx_HAL_Driver/Src/stm32f4xx_hal_i2c.o
 .debug_frame   0x000000000000281c       0x60 ./Drivers/STM32F4xx_HAL_Driver/Src/stm32f4xx_hal_i2c_ex.o
 .debug_frame   0x000000000000287c      0x5b8 ./Drivers/STM32F4xx_HAL_Driver/Src/stm32f4xx_hal_pcd.o
 .debug_frame   0x0000000000002e34      0x1f4 ./Drivers/STM32F4xx_HAL_Driver/Src/stm32f4xx_hal_rcc.o
 .debug_frame   0x0000000000003028     0x11c0 ./Drivers/STM32F4xx_HAL_Driver/Src/stm32f4xx_hal_tim.o
 .debug_frame   0x00000000000041e8      0x638 ./Drivers/STM32F4xx_HAL_Driver/Src/stm32f4xx_hal_tim_ex.o
 .debug_frame   0x0000000000004820      0x954 ./Drivers/STM32F4xx_HAL_Driver/Src/stm32f4xx_hal_uart.o
 .debug_frame   0x0000000000005174      0x7c0 ./Drivers/STM32F4xx_HAL_Driver/Src/stm32f4xx_ll_usb.o
 .debug_frame   0x0000000000005934       0x20 C:/ST/STM32CubeIDE_1.14.0/STM32CubeIDE/plugins/com.st.stm32cube.ide.mcu.externaltools.gnu-tools-for-stm32.11.3.rel1.win32_1.1.100.202309141235/tools/bin/../lib/gcc/arm-none-eabi/11.3.1/../../../../arm-none-eabi/lib/thumb/v7e-m+fp/hard\libc_nano.a(libc_a-memset.o)
 .debug_frame   0x0000000000005954       0x2c C:/ST/STM32CubeIDE_1.14.0/STM32CubeIDE/plugins/com.st.stm32cube.ide.mcu.externaltools.gnu-tools-for-stm32.11.3.rel1.win32_1.1.100.202309141235/tools/bin/../lib/gcc/arm-none-eabi/11.3.1/../../../../arm-none-eabi/lib/thumb/v7e-m+fp/hard\libc_nano.a(libc_a-init.o)
 .debug_frame   0x0000000000005980       0x2c C:/ST/STM32CubeIDE_1.14.0/STM32CubeIDE/plugins/com.st.stm32cube.ide.mcu.externaltools.gnu-tools-for-stm32.11.3.rel1.win32_1.1.100.202309141235/tools/bin/../lib/gcc/arm-none-eabi/11.3.1/thumb/v7e-m+fp/hard\libgcc.a(_aeabi_uldivmod.o)
 .debug_frame   0x00000000000059ac       0x34 C:/ST/STM32CubeIDE_1.14.0/STM32CubeIDE/plugins/com.st.stm32cube.ide.mcu.externaltools.gnu-tools-for-stm32.11.3.rel1.win32_1.1.100.202309141235/tools/bin/../lib/gcc/arm-none-eabi/11.3.1/thumb/v7e-m+fp/hard\libgcc.a(_udivmoddi4.o)

.debug_line_str
                0x0000000000000000       0x7e
 .debug_line_str
                0x0000000000000000       0x7e ./Core/Startup/startup_stm32f429zitx.o
                                         0x96 (size before relaxing)
